Archive member included to satisfy reference by file (symbol)

e:/app_windows/mounriver_studio/base_file/mounriver_studio/toolchain/risc-v embedded gcc/bin/../lib/gcc/riscv-none-embed/8.2.0/../../../../riscv-none-embed/lib/rv32imafc/ilp32f\libm.a(lib_a-s_floor.o)
                              CMakeFiles/CH32V307VCT6_CMake_2024_11_27.elf.dir/CMyLib/Src/cJSON.c.obj (floor)
e:/app_windows/mounriver_studio/base_file/mounriver_studio/toolchain/risc-v embedded gcc/bin/../lib/gcc/riscv-none-embed/8.2.0/../../../../riscv-none-embed/lib/rv32imafc/ilp32f\libm.a(lib_a-w_pow.o)
                              CMakeFiles/CH32V307VCT6_CMake_2024_11_27.elf.dir/CMyLib/Src/cJSON.c.obj (pow)
e:/app_windows/mounriver_studio/base_file/mounriver_studio/toolchain/risc-v embedded gcc/bin/../lib/gcc/riscv-none-embed/8.2.0/../../../../riscv-none-embed/lib/rv32imafc/ilp32f\libm.a(lib_a-e_pow.o)
                              e:/app_windows/mounriver_studio/base_file/mounriver_studio/toolchain/risc-v embedded gcc/bin/../lib/gcc/riscv-none-embed/8.2.0/../../../../riscv-none-embed/lib/rv32imafc/ilp32f\libm.a(lib_a-w_pow.o) (__ieee754_pow)
e:/app_windows/mounriver_studio/base_file/mounriver_studio/toolchain/risc-v embedded gcc/bin/../lib/gcc/riscv-none-embed/8.2.0/../../../../riscv-none-embed/lib/rv32imafc/ilp32f\libm.a(lib_a-e_sqrt.o)
                              e:/app_windows/mounriver_studio/base_file/mounriver_studio/toolchain/risc-v embedded gcc/bin/../lib/gcc/riscv-none-embed/8.2.0/../../../../riscv-none-embed/lib/rv32imafc/ilp32f\libm.a(lib_a-e_pow.o) (__ieee754_sqrt)
e:/app_windows/mounriver_studio/base_file/mounriver_studio/toolchain/risc-v embedded gcc/bin/../lib/gcc/riscv-none-embed/8.2.0/../../../../riscv-none-embed/lib/rv32imafc/ilp32f\libm.a(lib_a-s_fabs.o)
                              e:/app_windows/mounriver_studio/base_file/mounriver_studio/toolchain/risc-v embedded gcc/bin/../lib/gcc/riscv-none-embed/8.2.0/../../../../riscv-none-embed/lib/rv32imafc/ilp32f\libm.a(lib_a-e_pow.o) (fabs)
e:/app_windows/mounriver_studio/base_file/mounriver_studio/toolchain/risc-v embedded gcc/bin/../lib/gcc/riscv-none-embed/8.2.0/../../../../riscv-none-embed/lib/rv32imafc/ilp32f\libm.a(lib_a-s_finite.o)
                              e:/app_windows/mounriver_studio/base_file/mounriver_studio/toolchain/risc-v embedded gcc/bin/../lib/gcc/riscv-none-embed/8.2.0/../../../../riscv-none-embed/lib/rv32imafc/ilp32f\libm.a(lib_a-w_pow.o) (finite)
e:/app_windows/mounriver_studio/base_file/mounriver_studio/toolchain/risc-v embedded gcc/bin/../lib/gcc/riscv-none-embed/8.2.0/../../../../riscv-none-embed/lib/rv32imafc/ilp32f\libm.a(lib_a-s_lib_ver.o)
                              e:/app_windows/mounriver_studio/base_file/mounriver_studio/toolchain/risc-v embedded gcc/bin/../lib/gcc/riscv-none-embed/8.2.0/../../../../riscv-none-embed/lib/rv32imafc/ilp32f\libm.a(lib_a-w_pow.o) (__fdlib_version)
e:/app_windows/mounriver_studio/base_file/mounriver_studio/toolchain/risc-v embedded gcc/bin/../lib/gcc/riscv-none-embed/8.2.0/../../../../riscv-none-embed/lib/rv32imafc/ilp32f\libm.a(lib_a-s_matherr.o)
                              e:/app_windows/mounriver_studio/base_file/mounriver_studio/toolchain/risc-v embedded gcc/bin/../lib/gcc/riscv-none-embed/8.2.0/../../../../riscv-none-embed/lib/rv32imafc/ilp32f\libm.a(lib_a-w_pow.o) (matherr)
e:/app_windows/mounriver_studio/base_file/mounriver_studio/toolchain/risc-v embedded gcc/bin/../lib/gcc/riscv-none-embed/8.2.0/../../../../riscv-none-embed/lib/rv32imafc/ilp32f\libm.a(lib_a-s_nan.o)
                              e:/app_windows/mounriver_studio/base_file/mounriver_studio/toolchain/risc-v embedded gcc/bin/../lib/gcc/riscv-none-embed/8.2.0/../../../../riscv-none-embed/lib/rv32imafc/ilp32f\libm.a(lib_a-e_pow.o) (nan)
e:/app_windows/mounriver_studio/base_file/mounriver_studio/toolchain/risc-v embedded gcc/bin/../lib/gcc/riscv-none-embed/8.2.0/../../../../riscv-none-embed/lib/rv32imafc/ilp32f\libm.a(lib_a-s_rint.o)
                              e:/app_windows/mounriver_studio/base_file/mounriver_studio/toolchain/risc-v embedded gcc/bin/../lib/gcc/riscv-none-embed/8.2.0/../../../../riscv-none-embed/lib/rv32imafc/ilp32f\libm.a(lib_a-w_pow.o) (rint)
e:/app_windows/mounriver_studio/base_file/mounriver_studio/toolchain/risc-v embedded gcc/bin/../lib/gcc/riscv-none-embed/8.2.0/../../../../riscv-none-embed/lib/rv32imafc/ilp32f\libm.a(lib_a-s_scalbn.o)
                              e:/app_windows/mounriver_studio/base_file/mounriver_studio/toolchain/risc-v embedded gcc/bin/../lib/gcc/riscv-none-embed/8.2.0/../../../../riscv-none-embed/lib/rv32imafc/ilp32f\libm.a(lib_a-e_pow.o) (scalbn)
e:/app_windows/mounriver_studio/base_file/mounriver_studio/toolchain/risc-v embedded gcc/bin/../lib/gcc/riscv-none-embed/8.2.0/../../../../riscv-none-embed/lib/rv32imafc/ilp32f\libm.a(lib_a-s_copysign.o)
[...]
Memory Configuration

Name             Origin             Length             Attributes
FLASH            0x0000000000000000 0x0000000000048000 xr
RAM              0x0000000020000000 0x0000000000008000 xrw
*default*        0x0000000000000000 0xffffffffffffffff

Linker script and memory map

LOAD CMakeFiles/CH32V307VCT6_CMake_2024_11_27.elf.dir/App/Drivers/JY61P/JY61P.c.obj
LOAD CMakeFiles/CH32V307VCT6_CMake_2024_11_27.elf.dir/App/Drivers/JY61P/JY61PSdk.c.obj
LOAD CMakeFiles/CH32V307VCT6_CMake_2024_11_27.elf.dir/App/Drivers/JY61P/usart2.c.obj
LOAD CMakeFiles/CH32V307VCT6_CMake_2024_11_27.elf.dir/App/Drivers/Led/led.c.obj
LOAD CMakeFiles/CH32V307VCT6_CMake_2024_11_27.elf.dir/CMyLib/Src/cJSON.c.obj
LOAD CMakeFiles/CH32V307VCT6_CMake_2024_11_27.elf.dir/CMyLib/cMyLib.c.obj
LOAD CMakeFiles/CH32V307VCT6_CMake_2024_11_27.elf.dir/Core/core_riscv.c.obj
LOAD CMakeFiles/CH32V307VCT6_CMake_2024_11_27.elf.dir/Debug/debug.c.obj
LOAD CMakeFiles/CH32V307VCT6_CMake_2024_11_27.elf.dir/Peripheral/src/ch32v30x_adc.c.obj
LOAD CMakeFiles/CH32V307VCT6_CMake_2024_11_27.elf.dir/Peripheral/src/ch32v30x_bkp.c.obj
LOAD CMakeFiles/CH32V307VCT6_CMake_2024_11_27.elf.dir/Peripheral/src/ch32v30x_can.c.obj
LOAD CMakeFiles/CH32V307VCT6_CMake_2024_11_27.elf.dir/Peripheral/src/ch32v30x_crc.c.obj
LOAD CMakeFiles/CH32V307VCT6_CMake_2024_11_27.elf.dir/Peripheral/src/ch32v30x_dac.c.obj
LOAD CMakeFiles/CH32V307VCT6_CMake_2024_11_27.elf.dir/Peripheral/src/ch32v30x_dbgmcu.c.obj
LOAD CMakeFiles/CH32V307VCT6_CMake_2024_11_27.elf.dir/Peripheral/src/ch32v30x_dma.c.obj
LOAD CMakeFiles/CH32V307VCT6_CMake_2024_11_27.elf.dir/Peripheral/src/ch32v30x_dvp.c.obj
LOAD CMakeFiles/CH32V307VCT6_CMake_2024_11_27.elf.dir/Peripheral/src/ch32v30x_eth.c.obj
LOAD CMakeFiles/CH32V307VCT6_CMake_2024_11_27.elf.dir/Peripheral/src/ch32v30x_exti.c.obj
LOAD CMakeFiles/CH32V307VCT6_CMake_2024_11_27.elf.dir/Peripheral/src/ch32v30x_flash.c.obj
LOAD CMakeFiles/CH32V307VCT6_CMake_2024_11_27.elf.dir/Peripheral/src/ch32v30x_fsmc.c.obj
LOAD CMakeFiles/CH32V307VCT6_CMake_2024_11_27.elf.dir/Peripheral/src/ch32v30x_gpio.c.obj
LOAD CMakeFiles/CH32V307VCT6_CMake_2024_11_27.elf.dir/Peripheral/src/ch32v30x_i2c.c.obj
LOAD CMakeFiles/CH32V307VCT6_CMake_2024_11_27.elf.dir/Peripheral/src/ch32v30x_iwdg.c.obj
LOAD CMakeFiles/CH32V307VCT6_CMake_2024_11_27.elf.dir/Peripheral/src/ch32v30x_misc.c.obj
LOAD CMakeFiles/CH32V307VCT6_CMake_2024_11_27.elf.dir/Peripheral/src/ch32v30x_opa.c.obj
LOAD CMakeFiles/CH32V307VCT6_CMake_2024_11_27.elf.dir/Peripheral/src/ch32v30x_pwr.c.obj
LOAD CMakeFiles/CH32V307VCT6_CMake_2024_11_27.elf.dir/Peripheral/src/ch32v30x_rcc.c.obj
LOAD CMakeFiles/CH32V307VCT6_CMake_2024_11_27.elf.dir/Peripheral/src/ch32v30x_rng.c.obj
LOAD CMakeFiles/CH32V307VCT6_CMake_2024_11_27.elf.dir/Peripheral/src/ch32v30x_rtc.c.obj
LOAD CMakeFiles/CH32V307VCT6_CMake_2024_11_27.elf.dir/Peripheral/src/ch32v30x_sdio.c.obj
LOAD CMakeFiles/CH32V307VCT6_CMake_2024_11_27.elf.dir/Peripheral/src/ch32v30x_spi.c.obj
LOAD CMakeFiles/CH32V307VCT6_CMake_2024_11_27.elf.dir/Peripheral/src/ch32v30x_tim.c.obj
LOAD CMakeFiles/CH32V307VCT6_CMake_2024_11_27.elf.dir/Peripheral/src/ch32v30x_usart.c.obj
LOAD CMakeFiles/CH32V307VCT6_CMake_2024_11_27.elf.dir/Peripheral/src/ch32v30x_wwdg.c.obj
LOAD CMakeFiles/CH32V307VCT6_CMake_2024_11_27.elf.dir/Startup/startup_ch32v30x_D8C.S.obj
LOAD CMakeFiles/CH32V307VCT6_CMake_2024_11_27.elf.dir/User/ch32v30x_it.c.obj
LOAD CMakeFiles/CH32V307VCT6_CMake_2024_11_27.elf.dir/User/main.c.obj
LOAD CMakeFiles/CH32V307VCT6_CMake_2024_11_27.elf.dir/User/system_ch32v30x.c.obj
LOAD e:/app_windows/mounriver_studio/base_file/mounriver_studio/toolchain/risc-v embedded gcc/bin/../lib/gcc/riscv-none-embed/8.2.0/../../../../riscv-none-embed/lib/rv32imafc/ilp32f\libm.a
LOAD e:/app_windows/mounriver_studio/base_file/mounriver_studio/toolchain/risc-v embedded gcc/bin/../lib/gcc/riscv-none-embed/8.2.0/../../../../riscv-none-embed/lib/rv32imafc/ilp32f\libprintfloat.a
LOAD e:/app_windows/mounriver_studio/base_file/mounriver_studio/toolchain/risc-v embedded gcc/bin/../lib/gcc/riscv-none-embed/8.2.0/rv32imafc/ilp32f\libgcc.a
LOAD e:/app_windows/mounriver_studio/base_file/mounriver_studio/toolchain/risc-v embedded gcc/bin/../lib/gcc/riscv-none-embed/8.2.0/../../../../riscv-none-embed/lib/rv32imafc/ilp32f\libc_nano.a
LOAD e:/app_windows/mounriver_studio/base_file/mounriver_studio/toolchain/risc-v embedded gcc/bin/../lib/gcc/riscv-none-embed/8.2.0/rv32imafc/ilp32f\libgcc.a
START GROUP
LOAD e:/app_windows/mounriver_studio/base_file/mounriver_studio/toolchain/risc-v embedded gcc/bin/../lib/gcc/riscv-none-embed/8.2.0/rv32imafc/ilp32f\libgcc.a
LOAD e:/app_windows/mounriver_studio/base_file/mounriver_studio/toolchain/risc-v embedded gcc/bin/../lib/gcc/riscv-none-embed/8.2.0/../../../../riscv-none-embed/lib/rv32imafc/ilp32f\libc_nano.a
LOAD e:/app_windows/mounriver_studio/base_file/mounriver_studio/toolchain/risc-v embedded gcc/bin/../lib/gcc/riscv-none-embed/8.2.0/../../../../riscv-none-embed/lib/rv32imafc/ilp32f\libnosys.a
END GROUP
START GROUP
LOAD e:/app_windows/mounriver_studio/base_file/mounriver_studio/toolchain/risc-v embedded gcc/bin/../lib/gcc/riscv-none-embed/8.2.0/rv32imafc/ilp32f\libgcc.a
LOAD e:/app_windows/mounriver_studio/base_file/mounriver_studio/toolchain/risc-v embedded gcc/bin/../lib/gcc/riscv-none-embed/8.2.0/../../../../riscv-none-embed/lib/rv32imafc/ilp32f\libc_nano.a
LOAD e:/app_windows/mounriver_studio/base_file/mounriver_studio/toolchain/risc-v embedded gcc/bin/../lib/gcc/riscv-none-embed/8.2.0/../../../../riscv-none-embed/lib/rv32imafc/ilp32f\libnosys.a
END GROUP
                0x0000000000000800                __stack_size = 0x800
                [!provide]                        PROVIDE (_stack_size = __stack_size)

.init           0x0000000000000000        0x4
                0x0000000000000000                _sinit = .
                0x0000000000000000                . = ALIGN (0x4)
 *(SORT_NONE(.init))
 .init          0x0000000000000000        0x4 CMakeFiles/CH32V307VCT6_CMake_2024_11_27.elf.dir/Startup/startup_ch32v30x_D8C.S.obj
                0x0000000000000000                _start
                0x0000000000000004                . = ALIGN (0x4)
                0x0000000000000004                _einit = .

.vector         0x0000000000000004      0x1bc
 *(.vector)
 .vector        0x0000000000000004      0x1a0 CMakeFiles/CH32V307VCT6_CMake_2024_11_27.elf.dir/Startup/startup_ch32v30x_D8C.S.obj
                0x00000000000001c0                . = ALIGN (0x40)
 *fill*         0x00000000000001a4       0x1c 

.text           0x00000000000001c0     0x3de0
                0x00000000000001c0                . = ALIGN (0x4)
 *(.text)
 *(.text.*)
 .text.JY61P_Init
                0x00000000000001c0       0x14 CMakeFiles/CH32V307VCT6_CMake_2024_11_27.elf.dir/App/Drivers/JY61P/JY61P.c.obj
                0x00000000000001c0                JY61P_Init
 .text.JY61PData_Time
                0x00000000000001d4       0x2e CMakeFiles/CH32V307VCT6_CMake_2024_11_27.elf.dir/App/Drivers/JY61P/JY61P.c.obj
                0x00000000000001d4                JY61PData_Time
 .text.JY61PData_A
                0x0000000000000202       0x8e CMakeFiles/CH32V307VCT6_CMake_2024_11_27.elf.dir/App/Drivers/JY61P/JY61P.c.obj
                0x0000000000000202                JY61PData_A
 .text.JY61PData_WSpeed
                0x0000000000000290       0x7a CMakeFiles/CH32V307VCT6_CMake_2024_11_27.elf.dir/App/Drivers/JY61P/JY61P.c.obj
                0x0000000000000290                JY61PData_WSpeed
 .text.JY61PData_RowAngle
                0x000000000000030a       0x7a CMakeFiles/CH32V307VCT6_CMake_2024_11_27.elf.dir/App/Drivers/JY61P/JY61P.c.obj
                0x000000000000030a                JY61PData_RowAngle
 .text.JY61PData_Quater
                0x0000000000000384       0x3a CMakeFiles/CH32V307VCT6_CMake_2024_11_27.elf.dir/App/Drivers/JY61P/JY61P.c.obj
                0x0000000000000384                JY61PData_Quater
 .text.Print_JY61PSourceData
                0x00000000000003be       0x42 CMakeFiles/CH32V307VCT6_CMake_2024_11_27.elf.dir/App/Drivers/JY61P/JY61P.c.obj
                0x00000000000003be                Print_JY61PSourceData
 .text.JY61PData_Chose
                0x0000000000000400      0x160 CMakeFiles/CH32V307VCT6_CMake_2024_11_27.elf.dir/App/Drivers/JY61P/JY61P.c.obj
                0x0000000000000400                JY61PData_Chose
 .text.JY61P_Test
                0x0000000000000560       0x68 CMakeFiles/CH32V307VCT6_CMake_2024_11_27.elf.dir/App/Drivers/JY61P/JY61P.c.obj
                0x0000000000000560                JY61P_Test
 .text.USART2_Init
                0x00000000000005c8       0xc2 CMakeFiles/CH32V307VCT6_CMake_2024_11_27.elf.dir/App/Drivers/JY61P/usart2.c.obj
                0x00000000000005c8                USART2_Init
 .text.DMA1_USART2_Init
                0x000000000000068a       0xaa CMakeFiles/CH32V307VCT6_CMake_2024_11_27.elf.dir/App/Drivers/JY61P/usart2.c.obj
                0x000000000000068a                DMA1_USART2_Init
 .text.Ring_Buffer_Push_Huge_Usart2
                0x0000000000000734       0xe0 CMakeFiles/CH32V307VCT6_CMake_2024_11_27.elf.dir/App/Drivers/JY61P/usart2.c.obj
                0x0000000000000734                Ring_Buffer_Push_Huge_Usart2
 .text.Ring_Buffer_Pop_Usart2
                0x0000000000000814       0x54 CMakeFiles/CH32V307VCT6_CMake_2024_11_27.elf.dir/App/Drivers/JY61P/usart2.c.obj
                0x0000000000000814                Ring_Buffer_Pop_Usart2
 .text.USART2_IRQHandler
                0x0000000000000868       0xe8 CMakeFiles/CH32V307VCT6_CMake_2024_11_27.elf.dir/App/Drivers/JY61P/usart2.c.obj
                0x0000000000000868                USART2_IRQHandler
 .text.DMA1_Channel6_IRQHandler
                0x0000000000000950       0xb6 CMakeFiles/CH32V307VCT6_CMake_2024_11_27.elf.dir/App/Drivers/JY61P/usart2.c.obj
                0x0000000000000950                DMA1_Channel6_IRQHandler
 .text.getRingBufferUsart2
                0x0000000000000a06        0xa CMakeFiles/CH32V307VCT6_CMake_2024_11_27.elf.dir/App/Drivers/JY61P/usart2.c.obj
                0x0000000000000a06                getRingBufferUsart2
 .text.Led_GPIO_Init
                0x0000000000000a10       0x30 CMakeFiles/CH32V307VCT6_CMake_2024_11_27.elf.dir/App/Drivers/Led/led.c.obj
                0x0000000000000a10                Led_GPIO_Init
 .text.Delay_Init
                0x0000000000000a40       0x2c CMakeFiles/CH32V307VCT6_CMake_2024_11_27.elf.dir/Debug/debug.c.obj
                0x0000000000000a40                Delay_Init
 .text.Delay_Ms
                0x0000000000000a6c       0x3e CMakeFiles/CH32V307VCT6_CMake_2024_11_27.elf.dir/Debug/debug.c.obj
                0x0000000000000a6c                Delay_Ms
 .text.USART_Printf_Init
                0x0000000000000aaa       0x60 CMakeFiles/CH32V307VCT6_CMake_2024_11_27.elf.dir/Debug/debug.c.obj
                0x0000000000000aaa                USART_Printf_Init
 .text._write   0x0000000000000b0a       0x54 CMakeFiles/CH32V307VCT6_CMake_2024_11_27.elf.dir/Debug/debug.c.obj
                0x0000000000000b0a                _write
 .text.DBGMCU_GetCHIPID
                0x0000000000000b5e        0xa CMakeFiles/CH32V307VCT6_CMake_2024_11_27.elf.dir/Peripheral/src/ch32v30x_dbgmcu.c.obj
                0x0000000000000b5e                DBGMCU_GetCHIPID
 .text.DMA_DeInit
                0x0000000000000b68      0x230 CMakeFiles/CH32V307VCT6_CMake_2024_11_27.elf.dir/Peripheral/src/ch32v30x_dma.c.obj
                0x0000000000000b68                DMA_DeInit
 .text.DMA_Init
                0x0000000000000d98       0x38 CMakeFiles/CH32V307VCT6_CMake_2024_11_27.elf.dir/Peripheral/src/ch32v30x_dma.c.obj
                0x0000000000000d98                DMA_Init
 .text.DMA_Cmd  0x0000000000000dd0       0x18 CMakeFiles/CH32V307VCT6_CMake_2024_11_27.elf.dir/Peripheral/src/ch32v30x_dma.c.obj
                0x0000000000000dd0                DMA_Cmd
 .text.DMA_ITConfig
                0x0000000000000de8       0x16 CMakeFiles/CH32V307VCT6_CMake_2024_11_27.elf.dir/Peripheral/src/ch32v30x_dma.c.obj
                0x0000000000000de8                DMA_ITConfig
 .text.DMA_SetCurrDataCounter
                0x0000000000000dfe        0x4 CMakeFiles/CH32V307VCT6_CMake_2024_11_27.elf.dir/Peripheral/src/ch32v30x_dma.c.obj
                0x0000000000000dfe                DMA_SetCurrDataCounter
 .text.DMA_ClearITPendingBit
                0x0000000000000e02       0x2c CMakeFiles/CH32V307VCT6_CMake_2024_11_27.elf.dir/Peripheral/src/ch32v30x_dma.c.obj
                0x0000000000000e02                DMA_ClearITPendingBit
 .text.GPIO_Init
                0x0000000000000e2e       0xd8 CMakeFiles/CH32V307VCT6_CMake_2024_11_27.elf.dir/Peripheral/src/ch32v30x_gpio.c.obj
                0x0000000000000e2e                GPIO_Init
 .text.NVIC_PriorityGroupConfig
                0x0000000000000f06        0x6 CMakeFiles/CH32V307VCT6_CMake_2024_11_27.elf.dir/Peripheral/src/ch32v30x_misc.c.obj
                0x0000000000000f06                NVIC_PriorityGroupConfig
 .text.NVIC_Init
                0x0000000000000f0c       0x74 CMakeFiles/CH32V307VCT6_CMake_2024_11_27.elf.dir/Peripheral/src/ch32v30x_misc.c.obj
                0x0000000000000f0c                NVIC_Init
 .text.RCC_GetClocksFreq
                0x0000000000000f80      0x1dc CMakeFiles/CH32V307VCT6_CMake_2024_11_27.elf.dir/Peripheral/src/ch32v30x_rcc.c.obj
                0x0000000000000f80                RCC_GetClocksFreq
 .text.RCC_AHBPeriphClockCmd
                0x000000000000115c       0x1e CMakeFiles/CH32V307VCT6_CMake_2024_11_27.elf.dir/Peripheral/src/ch32v30x_rcc.c.obj
                0x000000000000115c                RCC_AHBPeriphClockCmd
 .text.RCC_APB2PeriphClockCmd
                0x000000000000117a       0x1e CMakeFiles/CH32V307VCT6_CMake_2024_11_27.elf.dir/Peripheral/src/ch32v30x_rcc.c.obj
                0x000000000000117a                RCC_APB2PeriphClockCmd
 .text.RCC_APB1PeriphClockCmd
                0x0000000000001198       0x1e CMakeFiles/CH32V307VCT6_CMake_2024_11_27.elf.dir/Peripheral/src/ch32v30x_rcc.c.obj
                0x0000000000001198                RCC_APB1PeriphClockCmd
 .text.USART_Init
                0x00000000000011b6       0xbc CMakeFiles/CH32V307VCT6_CMake_2024_11_27.elf.dir/Peripheral/src/ch32v30x_usart.c.obj
                0x00000000000011b6                USART_Init
 .text.USART_Cmd
                0x0000000000001272       0x20 CMakeFiles/CH32V307VCT6_CMake_2024_11_27.elf.dir/Peripheral/src/ch32v30x_usart.c.obj
                0x0000000000001272                USART_Cmd
 .text.USART_ITConfig
                0x0000000000001292       0x36 CMakeFiles/CH32V307VCT6_CMake_2024_11_27.elf.dir/Peripheral/src/ch32v30x_usart.c.obj
                0x0000000000001292                USART_ITConfig
 .text.USART_DMACmd
                0x00000000000012c8       0x1e CMakeFiles/CH32V307VCT6_CMake_2024_11_27.elf.dir/Peripheral/src/ch32v30x_usart.c.obj
                0x00000000000012c8                USART_DMACmd
 .text.USART_SendData
                0x00000000000012e6        0xa CMakeFiles/CH32V307VCT6_CMake_2024_11_27.elf.dir/Peripheral/src/ch32v30x_usart.c.obj
                0x00000000000012e6                USART_SendData
 .text.USART_ReceiveData
                0x00000000000012f0        0xa CMakeFiles/CH32V307VCT6_CMake_2024_11_27.elf.dir/Peripheral/src/ch32v30x_usart.c.obj
                0x00000000000012f0                USART_ReceiveData
 .text.USART_GetFlagStatus
                0x00000000000012fa       0x10 CMakeFiles/CH32V307VCT6_CMake_2024_11_27.elf.dir/Peripheral/src/ch32v30x_usart.c.obj
                0x00000000000012fa                USART_GetFlagStatus
 .text.USART_GetITStatus
                0x000000000000130a       0x4a CMakeFiles/CH32V307VCT6_CMake_2024_11_27.elf.dir/Peripheral/src/ch32v30x_usart.c.obj
                0x000000000000130a                USART_GetITStatus
 .text.vector_handler
                0x0000000000001354        0x2 CMakeFiles/CH32V307VCT6_CMake_2024_11_27.elf.dir/Startup/startup_ch32v30x_D8C.S.obj
                0x0000000000001354                EXTI2_IRQHandler
                0x0000000000001354                TIM8_TRG_COM_IRQHandler
                0x0000000000001354                TIM8_CC_IRQHandler
                0x0000000000001354                UART8_IRQHandler
                0x0000000000001354                TIM1_CC_IRQHandler
                0x0000000000001354                TIM6_IRQHandler
                0x0000000000001354                SysTick_Handler
                0x0000000000001354                PVD_IRQHandler
                0x0000000000001354                SDIO_IRQHandler
                0x0000000000001354                TIM9_BRK_IRQHandler
                0x0000000000001354                DMA2_Channel8_IRQHandler
                0x0000000000001354                CAN2_RX1_IRQHandler
                0x0000000000001354                EXTI3_IRQHandler
                0x0000000000001354                USBHS_IRQHandler
                0x0000000000001354                DMA2_Channel9_IRQHandler
                0x0000000000001354                TIM10_CC_IRQHandler
                0x0000000000001354                USBFS_IRQHandler
                0x0000000000001354                EXTI0_IRQHandler
                0x0000000000001354                I2C2_EV_IRQHandler
                0x0000000000001354                TIM10_TRG_COM_IRQHandler
                0x0000000000001354                CAN2_SCE_IRQHandler
                0x0000000000001354                ADC1_2_IRQHandler
                0x0000000000001354                Break_Point_Handler
                0x0000000000001354                SPI1_IRQHandler
                0x0000000000001354                TAMPER_IRQHandler
                0x0000000000001354                CAN2_RX0_IRQHandler
                0x0000000000001354                TIM8_UP_IRQHandler
                0x0000000000001354                Ecall_M_Mode_Handler
                0x0000000000001354                DMA2_Channel2_IRQHandler
                0x0000000000001354                DMA1_Channel4_IRQHandler
                0x0000000000001354                TIM9_UP_IRQHandler
                0x0000000000001354                USART3_IRQHandler
                0x0000000000001354                RTC_IRQHandler
                0x0000000000001354                DMA1_Channel7_IRQHandler
                0x0000000000001354                CAN1_RX1_IRQHandler
                0x0000000000001354                DVP_IRQHandler
                0x0000000000001354                UART5_IRQHandler
                0x0000000000001354                TIM4_IRQHandler
                0x0000000000001354                DMA2_Channel1_IRQHandler
                0x0000000000001354                I2C1_EV_IRQHandler
                0x0000000000001354                UART4_IRQHandler
                0x0000000000001354                DMA2_Channel4_IRQHandler
                0x0000000000001354                TIM3_IRQHandler
                0x0000000000001354                RCC_IRQHandler
                0x0000000000001354                TIM1_TRG_COM_IRQHandler
                0x0000000000001354                DMA1_Channel1_IRQHandler
                0x0000000000001354                DMA2_Channel7_IRQHandler
                0x0000000000001354                EXTI15_10_IRQHandler
                0x0000000000001354                TIM7_IRQHandler
                0x0000000000001354                CAN2_TX_IRQHandler
                0x0000000000001354                TIM5_IRQHandler
                0x0000000000001354                EXTI9_5_IRQHandler
                0x0000000000001354                ETH_WKUP_IRQHandler
                0x0000000000001354                SPI2_IRQHandler
                0x0000000000001354                TIM10_BRK_IRQHandler
                0x0000000000001354                TIM9_CC_IRQHandler
                0x0000000000001354                DMA2_Channel5_IRQHandler
                0x0000000000001354                DMA1_Channel5_IRQHandler
                0x0000000000001354                EXTI4_IRQHandler
                0x0000000000001354                USB_LP_CAN1_RX0_IRQHandler
                0x0000000000001354                RNG_IRQHandler
                0x0000000000001354                USB_HP_CAN1_TX_IRQHandler
                0x0000000000001354                DMA1_Channel3_IRQHandler
                0x0000000000001354                ETH_IRQHandler
                0x0000000000001354                TIM1_UP_IRQHandler
                0x0000000000001354                WWDG_IRQHandler
                0x0000000000001354                USBHSWakeup_IRQHandler
                0x0000000000001354                DMA2_Channel11_IRQHandler
                0x0000000000001354                Ecall_U_Mode_Handler
                0x0000000000001354                DMA2_Channel6_IRQHandler
                0x0000000000001354                TIM2_IRQHandler
                0x0000000000001354                SW_Handler
                0x0000000000001354                TIM1_BRK_IRQHandler
                0x0000000000001354                DMA2_Channel10_IRQHandler
                0x0000000000001354                EXTI1_IRQHandler
                0x0000000000001354                RTCAlarm_IRQHandler
                0x0000000000001354                TIM10_UP_IRQHandler
                0x0000000000001354                TIM9_TRG_COM_IRQHandler
                0x0000000000001354                UART7_IRQHandler
                0x0000000000001354                UART6_IRQHandler
                0x0000000000001354                I2C2_ER_IRQHandler
                0x0000000000001354                DMA1_Channel2_IRQHandler
                0x0000000000001354                TIM8_BRK_IRQHandler
                0x0000000000001354                CAN1_SCE_IRQHandler
                0x0000000000001354                FLASH_IRQHandler
                0x0000000000001354                USART1_IRQHandler
                0x0000000000001354                SPI3_IRQHandler
                0x0000000000001354                I2C1_ER_IRQHandler
                0x0000000000001354                USBWakeUp_IRQHandler
                0x0000000000001354                DMA2_Channel3_IRQHandler
 .text.handle_reset
                0x0000000000001356       0x8a CMakeFiles/CH32V307VCT6_CMake_2024_11_27.elf.dir/Startup/startup_ch32v30x_D8C.S.obj
                0x0000000000001356                handle_reset
 .text.NMI_Handler
                0x00000000000013e0        0x2 CMakeFiles/CH32V307VCT6_CMake_2024_11_27.elf.dir/User/ch32v30x_it.c.obj
                0x00000000000013e0                NMI_Handler
 .text.HardFault_Handler
                0x00000000000013e2       0x10 CMakeFiles/CH32V307VCT6_CMake_2024_11_27.elf.dir/User/ch32v30x_it.c.obj
                0x00000000000013e2                HardFault_Handler
 .text.main     0x00000000000013f2       0x66 CMakeFiles/CH32V307VCT6_CMake_2024_11_27.elf.dir/User/main.c.obj
                0x00000000000013f2                main
 .text.SetSysClockTo144_HSE
                0x0000000000001458       0xb6 CMakeFiles/CH32V307VCT6_CMake_2024_11_27.elf.dir/User/system_ch32v30x.c.obj
 .text.SetSysClock
                0x000000000000150e        0xc CMakeFiles/CH32V307VCT6_CMake_2024_11_27.elf.dir/User/system_ch32v30x.c.obj
 .text.SystemInit
                0x000000000000151a       0x5c CMakeFiles/CH32V307VCT6_CMake_2024_11_27.elf.dir/User/system_ch32v30x.c.obj
                0x000000000000151a                SystemInit
 .text.SystemCoreClockUpdate
                0x0000000000001576      0x1a2 CMakeFiles/CH32V307VCT6_CMake_2024_11_27.elf.dir/User/system_ch32v30x.c.obj
                0x0000000000001576                SystemCoreClockUpdate
 .text.putchar  0x0000000000001718       0x18 e:/app_windows/mounriver_studio/base_file/mounriver_studio/toolchain/risc-v embedded gcc/bin/../lib/gcc/riscv-none-embed/8.2.0/../../../../riscv-none-embed/lib/rv32imafc/ilp32f\libprintfloat.a(printfloat.o)
                0x0000000000001718                putchar
 .text.printchar
                0x0000000000001730       0x4c e:/app_windows/mounriver_studio/base_file/mounriver_studio/toolchain/risc-v embedded gcc/bin/../lib/gcc/riscv-none-embed/8.2.0/../../../../riscv-none-embed/lib/rv32imafc/ilp32f\libprintfloat.a(printfloat.o)
                0x0000000000001730                printchar
 .text.prints   0x000000000000177c       0xd8 e:/app_windows/mounriver_studio/base_file/mounriver_studio/toolchain/risc-v embedded gcc/bin/../lib/gcc/riscv-none-embed/8.2.0/../../../../riscv-none-embed/lib/rv32imafc/ilp32f\libprintfloat.a(printfloat.o)
                0x000000000000177c                prints
 .text.printInt
                0x0000000000001854       0xe8 e:/app_windows/mounriver_studio/base_file/mounriver_studio/toolchain/risc-v embedded gcc/bin/../lib/gcc/riscv-none-embed/8.2.0/../../../../riscv-none-embed/lib/rv32imafc/ilp32f\libprintfloat.a(printfloat.o)
                0x0000000000001854                printInt
 .text.printLongLongInt
                0x000000000000193c      0x11e e:/app_windows/mounriver_studio/base_file/mounriver_studio/toolchain/risc-v embedded gcc/bin/../lib/gcc/riscv-none-embed/8.2.0/../../../../riscv-none-embed/lib/rv32imafc/ilp32f\libprintfloat.a(printfloat.o)
                0x000000000000193c                printLongLongInt
 .text.printDouble
                0x0000000000001a5a       0xfa e:/app_windows/mounriver_studio/base_file/mounriver_studio/toolchain/risc-v embedded gcc/bin/../lib/gcc/riscv-none-embed/8.2.0/../../../../riscv-none-embed/lib/rv32imafc/ilp32f\libprintfloat.a(printfloat.o)
                0x0000000000001a5a                printDouble
 .text.print    0x0000000000001b54      0x34c e:/app_windows/mounriver_studio/base_file/mounriver_studio/toolchain/risc-v embedded gcc/bin/../lib/gcc/riscv-none-embed/8.2.0/../../../../riscv-none-embed/lib/rv32imafc/ilp32f\libprintfloat.a(printfloat.o)
                0x0000000000001b54                print
 .text.printf   0x0000000000001ea0       0x22 e:/app_windows/mounriver_studio/base_file/mounriver_studio/toolchain/risc-v embedded gcc/bin/../lib/gcc/riscv-none-embed/8.2.0/../../../../riscv-none-embed/lib/rv32imafc/ilp32f\libprintfloat.a(printfloat.o)
                0x0000000000001ea0                printf
 .text.puts     0x0000000000001ec2       0x54 e:/app_windows/mounriver_studio/base_file/mounriver_studio/toolchain/risc-v embedded gcc/bin/../lib/gcc/riscv-none-embed/8.2.0/../../../../riscv-none-embed/lib/rv32imafc/ilp32f\libprintfloat.a(printfloat.o)
                0x0000000000001ec2                puts
 .text.__udivdi3
                0x0000000000001f16      0x398 e:/app_windows/mounriver_studio/base_file/mounriver_studio/toolchain/risc-v embedded gcc/bin/../lib/gcc/riscv-none-embed/8.2.0/rv32imafc/ilp32f\libgcc.a(_udivdi3.o)
                0x0000000000001f16                __udivdi3
 .text.__umoddi3
                0x00000000000022ae      0x38e e:/app_windows/mounriver_studio/base_file/mounriver_studio/toolchain/risc-v embedded gcc/bin/../lib/gcc/riscv-none-embed/8.2.0/rv32imafc/ilp32f\libgcc.a(_umoddi3.o)
                0x00000000000022ae                __umoddi3
 .text.__ledf2  0x000000000000263c       0xb6 e:/app_windows/mounriver_studio/base_file/mounriver_studio/toolchain/risc-v embedded gcc/bin/../lib/gcc/riscv-none-embed/8.2.0/rv32imafc/ilp32f\libgcc.a(ledf2.o)
                0x000000000000263c                __ledf2
                0x000000000000263c                __ltdf2
 .text.__muldf3
                0x00000000000026f2      0x656 e:/app_windows/mounriver_studio/base_file/mounriver_studio/toolchain/risc-v embedded gcc/bin/../lib/gcc/riscv-none-embed/8.2.0/rv32imafc/ilp32f\libgcc.a(muldf3.o)
                0x00000000000026f2                __muldf3
 .text.__subdf3
                0x0000000000002d48      0xa8c e:/app_windows/mounriver_studio/base_file/mounriver_studio/toolchain/risc-v embedded gcc/bin/../lib/gcc/riscv-none-embed/8.2.0/rv32imafc/ilp32f\libgcc.a(subdf3.o)
                0x0000000000002d48                __subdf3
 .text.__fixdfdi
                0x00000000000037d4      0x130 e:/app_windows/mounriver_studio/base_file/mounriver_studio/toolchain/risc-v embedded gcc/bin/../lib/gcc/riscv-none-embed/8.2.0/rv32imafc/ilp32f\libgcc.a(fixdfdi.o)
                0x00000000000037d4                __fixdfdi
 .text.__floatdidf
                0x0000000000003904      0x21c e:/app_windows/mounriver_studio/base_file/mounriver_studio/toolchain/risc-v embedded gcc/bin/../lib/gcc/riscv-none-embed/8.2.0/rv32imafc/ilp32f\libgcc.a(floatdidf.o)
                0x0000000000003904                __floatdidf
 .text.__extendsfdf2
                0x0000000000003b20       0xe8 e:/app_windows/mounriver_studio/base_file/mounriver_studio/toolchain/risc-v embedded gcc/bin/../lib/gcc/riscv-none-embed/8.2.0/rv32imafc/ilp32f\libgcc.a(extendsfdf2.o)
                0x0000000000003b20                __extendsfdf2
 .text.__clzsi2
                0x0000000000003c08       0x76 e:/app_windows/mounriver_studio/base_file/mounriver_studio/toolchain/risc-v embedded gcc/bin/../lib/gcc/riscv-none-embed/8.2.0/rv32imafc/ilp32f\libgcc.a(_clzsi2.o)
                0x0000000000003c08                __clzsi2
 .text.memcpy   0x0000000000003c7e       0xb6 e:/app_windows/mounriver_studio/base_file/mounriver_studio/toolchain/risc-v embedded gcc/bin/../lib/gcc/riscv-none-embed/8.2.0/../../../../riscv-none-embed/lib/rv32imafc/ilp32f\libc_nano.a(lib_a-memcpy.o)
                0x0000000000003c7e                memcpy
 *(.rodata)
 *(.rodata*)
 .rodata.JY61PData_Chose
                0x0000000000003d34       0x28 CMakeFiles/CH32V307VCT6_CMake_2024_11_27.elf.dir/App/Drivers/JY61P/JY61P.c.obj
 .rodata.JY61PData_A.cst4
                0x0000000000003d5c        0xc CMakeFiles/CH32V307VCT6_CMake_2024_11_27.elf.dir/App/Drivers/JY61P/JY61P.c.obj
 .rodata.JY61PData_Chose.str1.4
                0x0000000000003d68       0x95 CMakeFiles/CH32V307VCT6_CMake_2024_11_27.elf.dir/App/Drivers/JY61P/JY61P.c.obj
 *fill*         0x0000000000003dfd        0x3 
 .rodata.JY61PData_RowAngle.cst4
                0x0000000000003e00        0x4 CMakeFiles/CH32V307VCT6_CMake_2024_11_27.elf.dir/App/Drivers/JY61P/JY61P.c.obj
 .rodata.JY61PData_WSpeed.cst4
                0x0000000000003e04        0x4 CMakeFiles/CH32V307VCT6_CMake_2024_11_27.elf.dir/App/Drivers/JY61P/JY61P.c.obj
 .rodata.Print_JY61PSourceData.str1.4
                0x0000000000003e08        0x6 CMakeFiles/CH32V307VCT6_CMake_2024_11_27.elf.dir/App/Drivers/JY61P/JY61P.c.obj
 *fill*         0x0000000000003e0e        0x2 
 .rodata.main.str1.4
                0x0000000000003e10       0x46 CMakeFiles/CH32V307VCT6_CMake_2024_11_27.elf.dir/User/main.c.obj
 *fill*         0x0000000000003e56        0x2 
 .rodata.print.str1.4
                0x0000000000003e58        0x8 e:/app_windows/mounriver_studio/base_file/mounriver_studio/toolchain/risc-v embedded gcc/bin/../lib/gcc/riscv-none-embed/8.2.0/../../../../riscv-none-embed/lib/rv32imafc/ilp32f\libprintfloat.a(printfloat.o)
                                          0x7 (size before relaxing)
 .rodata.__muldf3
                0x0000000000003e60       0x40 e:/app_windows/mounriver_studio/base_file/mounriver_studio/toolchain/risc-v embedded gcc/bin/../lib/gcc/riscv-none-embed/8.2.0/rv32imafc/ilp32f\libgcc.a(muldf3.o)
 .rodata.__clz_tab
                0x0000000000003ea0      0x100 e:/app_windows/mounriver_studio/base_file/mounriver_studio/toolchain/risc-v embedded gcc/bin/../lib/gcc/riscv-none-embed/8.2.0/rv32imafc/ilp32f\libgcc.a(_clz.o)
                0x0000000000003ea0                __clz_tab
 *(.gnu.linkonce.t.*)
                0x0000000000003fa0                . = ALIGN (0x4)

.rela.dyn       0x0000000000003fa0        0x0
 .rela.text.Print_JY61PSourceData
                0x0000000000003fa0        0x0 CMakeFiles/CH32V307VCT6_CMake_2024_11_27.elf.dir/App/Drivers/JY61P/JY61P.c.obj
 .rela.text.JY61PData_Chose
                0x0000000000003fa0        0x0 CMakeFiles/CH32V307VCT6_CMake_2024_11_27.elf.dir/App/Drivers/JY61P/JY61P.c.obj
 .rela.init     0x0000000000003fa0        0x0 CMakeFiles/CH32V307VCT6_CMake_2024_11_27.elf.dir/App/Drivers/JY61P/JY61P.c.obj
 .rela.vector   0x0000000000003fa0        0x0 CMakeFiles/CH32V307VCT6_CMake_2024_11_27.elf.dir/App/Drivers/JY61P/JY61P.c.obj
 .rela.text.handle_reset
                0x0000000000003fa0        0x0 CMakeFiles/CH32V307VCT6_CMake_2024_11_27.elf.dir/App/Drivers/JY61P/JY61P.c.obj
 .rela.text.main
                0x0000000000003fa0        0x0 CMakeFiles/CH32V307VCT6_CMake_2024_11_27.elf.dir/App/Drivers/JY61P/JY61P.c.obj
 .rela.text.prints
                0x0000000000003fa0        0x0 CMakeFiles/CH32V307VCT6_CMake_2024_11_27.elf.dir/App/Drivers/JY61P/JY61P.c.obj
 .rela.text.printInt
                0x0000000000003fa0        0x0 CMakeFiles/CH32V307VCT6_CMake_2024_11_27.elf.dir/App/Drivers/JY61P/JY61P.c.obj
 .rela.text.printLongLongInt
                0x0000000000003fa0        0x0 CMakeFiles/CH32V307VCT6_CMake_2024_11_27.elf.dir/App/Drivers/JY61P/JY61P.c.obj
 .rela.text.printDouble
                0x0000000000003fa0        0x0 CMakeFiles/CH32V307VCT6_CMake_2024_11_27.elf.dir/App/Drivers/JY61P/JY61P.c.obj
 .rela.text.print
                0x0000000000003fa0        0x0 CMakeFiles/CH32V307VCT6_CMake_2024_11_27.elf.dir/App/Drivers/JY61P/JY61P.c.obj
 .rela.text.printf
                0x0000000000003fa0        0x0 CMakeFiles/CH32V307VCT6_CMake_2024_11_27.elf.dir/App/Drivers/JY61P/JY61P.c.obj

.fini           0x0000000000003fa0        0x0
 *(SORT_NONE(.fini))
                0x0000000000003fa0                . = ALIGN (0x4)
                [!provide]                        PROVIDE (_etext = .)
                [!provide]                        PROVIDE (_eitcm = .)

.preinit_array  0x0000000000003fa0        0x0
                [!provide]                        PROVIDE (__preinit_array_start = .)
 *(.preinit_array)
                [!provide]                        PROVIDE (__preinit_array_end = .)

.init_array     0x0000000000003fa0        0x0
                [!provide]                        PROVIDE (__init_array_start = .)
 *(SORT_BY_INIT_PRIORITY(.init_array.*) SORT_BY_INIT_PRIORITY(.ctors.*))
 *(.init_array EXCLUDE_FILE(*crtend?.o *crtend.o *crtbegin?.o *crtbegin.o) .ctors)
                [!provide]                        PROVIDE (__init_array_end = .)

.fini_array     0x0000000000003fa0        0x0
                [!provide]                        PROVIDE (__fini_array_start = .)
 *(SORT_BY_INIT_PRIORITY(.fini_array.*) SORT_BY_INIT_PRIORITY(.dtors.*))
 *(.fini_array EXCLUDE_FILE(*crtend?.o *crtend.o *crtbegin?.o *crtbegin.o) .dtors)
                [!provide]                        PROVIDE (__fini_array_end = .)

.ctors
 *crtbegin.o(.ctors)
 *crtbegin?.o(.ctors)
 *(EXCLUDE_FILE(*crtend?.o *crtend.o) .ctors)
 *(SORT_BY_NAME(.ctors.*))
 *(.ctors)

.dtors
 *crtbegin.o(.dtors)
 *crtbegin?.o(.dtors)
 *(EXCLUDE_FILE(*crtend?.o *crtend.o) .dtors)
 *(SORT_BY_NAME(.dtors.*))
 *(.dtors)

.dalign         0x0000000020000000        0x0 load address 0x0000000000003fa0
                0x0000000020000000                . = ALIGN (0x4)
                0x0000000020000000                PROVIDE (_data_vma = .)

.dlalign        0x0000000000003fa0        0x0
                0x0000000000003fa0                . = ALIGN (0x4)
                0x0000000000003fa0                PROVIDE (_data_lma = .)

.data           0x0000000020000000       0x28 load address 0x0000000000003fa0
 *(.gnu.linkonce.r.*)
 *(.data .data.*)
 .data.APBAHBPrescTable
                0x0000000020000000       0x10 CMakeFiles/CH32V307VCT6_CMake_2024_11_27.elf.dir/Peripheral/src/ch32v30x_rcc.c.obj
 .data.AHBPrescTable
                0x0000000020000010       0x10 CMakeFiles/CH32V307VCT6_CMake_2024_11_27.elf.dir/User/system_ch32v30x.c.obj
                0x0000000020000010                AHBPrescTable
 *(.gnu.linkonce.d.*)
                0x0000000020000020                . = ALIGN (0x8)
                0x0000000020000820                PROVIDE (__global_pointer$ = (. + 0x800))
 *(.sdata .sdata.*)
 .sdata.ADCPrescTable
                0x0000000020000020        0x4 CMakeFiles/CH32V307VCT6_CMake_2024_11_27.elf.dir/Peripheral/src/ch32v30x_rcc.c.obj
 .sdata.SystemCoreClock
                0x0000000020000024        0x4 CMakeFiles/CH32V307VCT6_CMake_2024_11_27.elf.dir/User/system_ch32v30x.c.obj
                0x0000000020000024                SystemCoreClock
 *(.sdata2.*)
 *(.gnu.linkonce.s.*)
                0x0000000020000028                . = ALIGN (0x8)
 *(.srodata.cst16)
 *(.srodata.cst8)
 *(.srodata.cst4)
 *(.srodata.cst2)
 *(.srodata .srodata.*)
                0x0000000020000028                . = ALIGN (0x4)
                0x0000000020000028                PROVIDE (_edata = .)

.bss            0x0000000020000028      0x96c load address 0x0000000000003fc8
                0x0000000020000028                . = ALIGN (0x4)
                0x0000000020000028                PROVIDE (_sbss = .)
 *(.sbss*)
 .sbss.p_ms     0x0000000020000028        0x2 CMakeFiles/CH32V307VCT6_CMake_2024_11_27.elf.dir/Debug/debug.c.obj
 .sbss.p_us     0x000000002000002a        0x1 CMakeFiles/CH32V307VCT6_CMake_2024_11_27.elf.dir/Debug/debug.c.obj
 *fill*         0x000000002000002b        0x1 
 .sbss.NVIC_Priority_Group
                0x000000002000002c        0x4 CMakeFiles/CH32V307VCT6_CMake_2024_11_27.elf.dir/Peripheral/src/ch32v30x_misc.c.obj
                0x000000002000002c                NVIC_Priority_Group
 *(.gnu.linkonce.sb.*)
 *(.bss*)
 .bss.data      0x0000000020000030       0x58 CMakeFiles/CH32V307VCT6_CMake_2024_11_27.elf.dir/App/Drivers/JY61P/JY61P.c.obj
                0x0000000020000030                data
 .bss.Usart2DmaCtrl
                0x0000000020000088      0x101 CMakeFiles/CH32V307VCT6_CMake_2024_11_27.elf.dir/App/Drivers/JY61P/usart2.c.obj
                0x0000000020000088                Usart2DmaCtrl
 *fill*         0x0000000020000189        0x3 
 .bss.ringBufferUsart2
                0x000000002000018c      0x806 CMakeFiles/CH32V307VCT6_CMake_2024_11_27.elf.dir/App/Drivers/JY61P/usart2.c.obj
                0x000000002000018c                ringBufferUsart2
 *(.gnu.linkonce.b.*)
 *(COMMON*)
                0x0000000020000994                . = ALIGN (0x4)
 *fill*         0x0000000020000992        0x2 
                0x0000000020000994                PROVIDE (_ebss = .)
                0x0000000020000994                PROVIDE (_end = _ebss)
                [!provide]                        PROVIDE (end = .)

.stack          0x0000000020007800      0x800
                0x0000000020007800                PROVIDE (_heap_end = .)
                0x0000000020007800                . = ALIGN (0x4)
                [!provide]                        PROVIDE (_susrstack = .)
                0x0000000020008000                . = (. + __stack_size)
 *fill*         0x0000000020007800      0x800 
                0x0000000020008000                PROVIDE (_eusrstack = .)
OUTPUT(CH32V307VCT6_CMake_2024_11_27.elf elf32-littleriscv)

.debug_info     0x0000000000000000     0xca27
 .debug_info    0x0000000000000000      0xf36 CMakeFiles/CH32V307VCT6_CMake_2024_11_27.elf.dir/App/Drivers/JY61P/JY61P.c.obj
 .debug_info    0x0000000000000f36     0x180e CMakeFiles/CH32V307VCT6_CMake_2024_11_27.elf.dir/App/Drivers/JY61P/usart2.c.obj
 .debug_info    0x0000000000002744      0xbbf CMakeFiles/CH32V307VCT6_CMake_2024_11_27.elf.dir/App/Drivers/Led/led.c.obj
 .debug_info    0x0000000000003303      0xf57 CMakeFiles/CH32V307VCT6_CMake_2024_11_27.elf.dir/Debug/debug.c.obj
 .debug_info    0x000000000000425a      0xa69 CMakeFiles/CH32V307VCT6_CMake_2024_11_27.elf.dir/Peripheral/src/ch32v30x_dbgmcu.c.obj
 .debug_info    0x0000000000004cc3      0xd39 CMakeFiles/CH32V307VCT6_CMake_2024_11_27.elf.dir/Peripheral/src/ch32v30x_dma.c.obj
 .debug_info    0x00000000000059fc     0x13ef CMakeFiles/CH32V307VCT6_CMake_2024_11_27.elf.dir/Peripheral/src/ch32v30x_gpio.c.obj
 .debug_info    0x0000000000006deb      0xf62 CMakeFiles/CH32V307VCT6_CMake_2024_11_27.elf.dir/Peripheral/src/ch32v30x_misc.c.obj
 .debug_info    0x0000000000007d4d     0x1588 CMakeFiles/CH32V307VCT6_CMake_2024_11_27.elf.dir/Peripheral/src/ch32v30x_rcc.c.obj
 .debug_info    0x00000000000092d5     0x1481 CMakeFiles/CH32V307VCT6_CMake_2024_11_27.elf.dir/Peripheral/src/ch32v30x_usart.c.obj
 .debug_info    0x000000000000a756       0x22 CMakeFiles/CH32V307VCT6_CMake_2024_11_27.elf.dir/Startup/startup_ch32v30x_D8C.S.obj
 .debug_info    0x000000000000a778      0xbc7 CMakeFiles/CH32V307VCT6_CMake_2024_11_27.elf.dir/User/ch32v30x_it.c.obj
 .debug_info    0x000000000000b33f      0xb35 CMakeFiles/CH32V307VCT6_CMake_2024_11_27.elf.dir/User/main.c.obj
 .debug_info    0x000000000000be74      0xbb3 CMakeFiles/CH32V307VCT6_CMake_2024_11_27.elf.dir/User/system_ch32v30x.c.obj

.debug_abbrev   0x0000000000000000     0x2509
 .debug_abbrev  0x0000000000000000      0x302 CMakeFiles/CH32V307VCT6_CMake_2024_11_27.elf.dir/App/Drivers/JY61P/JY61P.c.obj
 .debug_abbrev  0x0000000000000302      0x398 CMakeFiles/CH32V307VCT6_CMake_2024_11_27.elf.dir/App/Drivers/JY61P/usart2.c.obj
 .debug_abbrev  0x000000000000069a      0x281 CMakeFiles/CH32V307VCT6_CMake_2024_11_27.elf.dir/App/Drivers/Led/led.c.obj
 .debug_abbrev  0x000000000000091b      0x2f5 CMakeFiles/CH32V307VCT6_CMake_2024_11_27.elf.dir/Debug/debug.c.obj
 .debug_abbrev  0x0000000000000c10      0x28f CMakeFiles/CH32V307VCT6_CMake_2024_11_27.elf.dir/Peripheral/src/ch32v30x_dbgmcu.c.obj
 .debug_abbrev  0x0000000000000e9f      0x2c8 CMakeFiles/CH32V307VCT6_CMake_2024_11_27.elf.dir/Peripheral/src/ch32v30x_dma.c.obj
 .debug_abbrev  0x0000000000001167      0x30f CMakeFiles/CH32V307VCT6_CMake_2024_11_27.elf.dir/Peripheral/src/ch32v30x_gpio.c.obj
 .debug_abbrev  0x0000000000001476      0x2c7 CMakeFiles/CH32V307VCT6_CMake_2024_11_27.elf.dir/Peripheral/src/ch32v30x_misc.c.obj
 .debug_abbrev  0x000000000000173d      0x373 CMakeFiles/CH32V307VCT6_CMake_2024_11_27.elf.dir/Peripheral/src/ch32v30x_rcc.c.obj
 .debug_abbrev  0x0000000000001ab0      0x318 CMakeFiles/CH32V307VCT6_CMake_2024_11_27.elf.dir/Peripheral/src/ch32v30x_usart.c.obj
 .debug_abbrev  0x0000000000001dc8       0x12 CMakeFiles/CH32V307VCT6_CMake_2024_11_27.elf.dir/Startup/startup_ch32v30x_D8C.S.obj
 .debug_abbrev  0x0000000000001dda      0x22c CMakeFiles/CH32V307VCT6_CMake_2024_11_27.elf.dir/User/ch32v30x_it.c.obj
 .debug_abbrev  0x0000000000002006      0x247 CMakeFiles/CH32V307VCT6_CMake_2024_11_27.elf.dir/User/main.c.obj
 .debug_abbrev  0x000000000000224d      0x2bc CMakeFiles/CH32V307VCT6_CMake_2024_11_27.elf.dir/User/system_ch32v30x.c.obj

.debug_loc      0x0000000000000000     0x24b7
 .debug_loc     0x0000000000000000      0x228 CMakeFiles/CH32V307VCT6_CMake_2024_11_27.elf.dir/App/Drivers/JY61P/JY61P.c.obj
 .debug_loc     0x0000000000000228      0x257 CMakeFiles/CH32V307VCT6_CMake_2024_11_27.elf.dir/App/Drivers/JY61P/usart2.c.obj
 .debug_loc     0x000000000000047f      0x13c CMakeFiles/CH32V307VCT6_CMake_2024_11_27.elf.dir/Debug/debug.c.obj
 .debug_loc     0x00000000000005bb       0xad CMakeFiles/CH32V307VCT6_CMake_2024_11_27.elf.dir/Peripheral/src/ch32v30x_dbgmcu.c.obj
 .debug_loc     0x0000000000000668      0x1b8 CMakeFiles/CH32V307VCT6_CMake_2024_11_27.elf.dir/Peripheral/src/ch32v30x_dma.c.obj
 .debug_loc     0x0000000000000820      0x83c CMakeFiles/CH32V307VCT6_CMake_2024_11_27.elf.dir/Peripheral/src/ch32v30x_gpio.c.obj
 .debug_loc     0x000000000000105c       0x70 CMakeFiles/CH32V307VCT6_CMake_2024_11_27.elf.dir/Peripheral/src/ch32v30x_misc.c.obj
 .debug_loc     0x00000000000010cc      0xa35 CMakeFiles/CH32V307VCT6_CMake_2024_11_27.elf.dir/Peripheral/src/ch32v30x_rcc.c.obj
 .debug_loc     0x0000000000001b01      0x837 CMakeFiles/CH32V307VCT6_CMake_2024_11_27.elf.dir/Peripheral/src/ch32v30x_usart.c.obj
 .debug_loc     0x0000000000002338      0x17f CMakeFiles/CH32V307VCT6_CMake_2024_11_27.elf.dir/User/system_ch32v30x.c.obj

.debug_aranges  0x0000000000000000      0x620
 .debug_aranges
                0x0000000000000000       0x68 CMakeFiles/CH32V307VCT6_CMake_2024_11_27.elf.dir/App/Drivers/JY61P/JY61P.c.obj
 .debug_aranges
                0x0000000000000068       0x70 CMakeFiles/CH32V307VCT6_CMake_2024_11_27.elf.dir/App/Drivers/JY61P/usart2.c.obj
 .debug_aranges
                0x00000000000000d8       0x20 CMakeFiles/CH32V307VCT6_CMake_2024_11_27.elf.dir/App/Drivers/Led/led.c.obj
 .debug_aranges
                0x00000000000000f8       0x50 CMakeFiles/CH32V307VCT6_CMake_2024_11_27.elf.dir/Debug/debug.c.obj
 .debug_aranges
                0x0000000000000148       0x48 CMakeFiles/CH32V307VCT6_CMake_2024_11_27.elf.dir/Peripheral/src/ch32v30x_dbgmcu.c.obj
 .debug_aranges
                0x0000000000000190       0x70 CMakeFiles/CH32V307VCT6_CMake_2024_11_27.elf.dir/Peripheral/src/ch32v30x_dma.c.obj
 .debug_aranges
                0x0000000000000200       0xb0 CMakeFiles/CH32V307VCT6_CMake_2024_11_27.elf.dir/Peripheral/src/ch32v30x_gpio.c.obj
 .debug_aranges
                0x00000000000002b0       0x28 CMakeFiles/CH32V307VCT6_CMake_2024_11_27.elf.dir/Peripheral/src/ch32v30x_misc.c.obj
 .debug_aranges
                0x00000000000002d8      0x1a8 CMakeFiles/CH32V307VCT6_CMake_2024_11_27.elf.dir/Peripheral/src/ch32v30x_rcc.c.obj
 .debug_aranges
                0x0000000000000480       0xf0 CMakeFiles/CH32V307VCT6_CMake_2024_11_27.elf.dir/Peripheral/src/ch32v30x_usart.c.obj
 .debug_aranges
                0x0000000000000570       0x30 CMakeFiles/CH32V307VCT6_CMake_2024_11_27.elf.dir/Startup/startup_ch32v30x_D8C.S.obj
 .debug_aranges
                0x00000000000005a0       0x28 CMakeFiles/CH32V307VCT6_CMake_2024_11_27.elf.dir/User/ch32v30x_it.c.obj
 .debug_aranges
                0x00000000000005c8       0x20 CMakeFiles/CH32V307VCT6_CMake_2024_11_27.elf.dir/User/main.c.obj
 .debug_aranges
                0x00000000000005e8       0x38 CMakeFiles/CH32V307VCT6_CMake_2024_11_27.elf.dir/User/system_ch32v30x.c.obj

.debug_ranges   0x0000000000000000      0x548
 .debug_ranges  0x0000000000000000       0x58 CMakeFiles/CH32V307VCT6_CMake_2024_11_27.elf.dir/App/Drivers/JY61P/JY61P.c.obj
 .debug_ranges  0x0000000000000058       0x60 CMakeFiles/CH32V307VCT6_CMake_2024_11_27.elf.dir/App/Drivers/JY61P/usart2.c.obj
 .debug_ranges  0x00000000000000b8       0x10 CMakeFiles/CH32V307VCT6_CMake_2024_11_27.elf.dir/App/Drivers/Led/led.c.obj
 .debug_ranges  0x00000000000000c8       0x40 CMakeFiles/CH32V307VCT6_CMake_2024_11_27.elf.dir/Debug/debug.c.obj
 .debug_ranges  0x0000000000000108       0x38 CMakeFiles/CH32V307VCT6_CMake_2024_11_27.elf.dir/Peripheral/src/ch32v30x_dbgmcu.c.obj
 .debug_ranges  0x0000000000000140       0x60 CMakeFiles/CH32V307VCT6_CMake_2024_11_27.elf.dir/Peripheral/src/ch32v30x_dma.c.obj
 .debug_ranges  0x00000000000001a0       0xa0 CMakeFiles/CH32V307VCT6_CMake_2024_11_27.elf.dir/Peripheral/src/ch32v30x_gpio.c.obj
 .debug_ranges  0x0000000000000240       0x18 CMakeFiles/CH32V307VCT6_CMake_2024_11_27.elf.dir/Peripheral/src/ch32v30x_misc.c.obj
 .debug_ranges  0x0000000000000258      0x198 CMakeFiles/CH32V307VCT6_CMake_2024_11_27.elf.dir/Peripheral/src/ch32v30x_rcc.c.obj
 .debug_ranges  0x00000000000003f0       0xe0 CMakeFiles/CH32V307VCT6_CMake_2024_11_27.elf.dir/Peripheral/src/ch32v30x_usart.c.obj
 .debug_ranges  0x00000000000004d0       0x28 CMakeFiles/CH32V307VCT6_CMake_2024_11_27.elf.dir/Startup/startup_ch32v30x_D8C.S.obj
 .debug_ranges  0x00000000000004f8       0x18 CMakeFiles/CH32V307VCT6_CMake_2024_11_27.elf.dir/User/ch32v30x_it.c.obj
 .debug_ranges  0x0000000000000510       0x10 CMakeFiles/CH32V307VCT6_CMake_2024_11_27.elf.dir/User/main.c.obj
 .debug_ranges  0x0000000000000520       0x28 CMakeFiles/CH32V307VCT6_CMake_2024_11_27.elf.dir/User/system_ch32v30x.c.obj

.debug_line     0x0000000000000000     0x85ef
 .debug_line    0x0000000000000000      0xab6 CMakeFiles/CH32V307VCT6_CMake_2024_11_27.elf.dir/App/Drivers/JY61P/JY61P.c.obj
 .debug_line    0x0000000000000ab6      0xc3b CMakeFiles/CH32V307VCT6_CMake_2024_11_27.elf.dir/App/Drivers/JY61P/usart2.c.obj
 .debug_line    0x00000000000016f1      0x43f CMakeFiles/CH32V307VCT6_CMake_2024_11_27.elf.dir/App/Drivers/Led/led.c.obj
 .debug_line    0x0000000000001b30      0x763 CMakeFiles/CH32V307VCT6_CMake_2024_11_27.elf.dir/Debug/debug.c.obj
 .debug_line    0x0000000000002293      0x3f6 CMakeFiles/CH32V307VCT6_CMake_2024_11_27.elf.dir/Peripheral/src/ch32v30x_dbgmcu.c.obj
 .debug_line    0x0000000000002689      0xb90 CMakeFiles/CH32V307VCT6_CMake_2024_11_27.elf.dir/Peripheral/src/ch32v30x_dma.c.obj
 .debug_line    0x0000000000003219     0x12a4 CMakeFiles/CH32V307VCT6_CMake_2024_11_27.elf.dir/Peripheral/src/ch32v30x_gpio.c.obj
 .debug_line    0x00000000000044bd      0x483 CMakeFiles/CH32V307VCT6_CMake_2024_11_27.elf.dir/Peripheral/src/ch32v30x_misc.c.obj
 .debug_line    0x0000000000004940     0x1a82 CMakeFiles/CH32V307VCT6_CMake_2024_11_27.elf.dir/Peripheral/src/ch32v30x_rcc.c.obj
 .debug_line    0x00000000000063c2      0xf91 CMakeFiles/CH32V307VCT6_CMake_2024_11_27.elf.dir/Peripheral/src/ch32v30x_usart.c.obj
 .debug_line    0x0000000000007353      0x152 CMakeFiles/CH32V307VCT6_CMake_2024_11_27.elf.dir/Startup/startup_ch32v30x_D8C.S.obj
 .debug_line    0x00000000000074a5      0x2ef CMakeFiles/CH32V307VCT6_CMake_2024_11_27.elf.dir/User/ch32v30x_it.c.obj
 .debug_line    0x0000000000007794      0x498 CMakeFiles/CH32V307VCT6_CMake_2024_11_27.elf.dir/User/main.c.obj
 .debug_line    0x0000000000007c2c      0x9c3 CMakeFiles/CH32V307VCT6_CMake_2024_11_27.elf.dir/User/system_ch32v30x.c.obj

.debug_str      0x0000000000000000     0x25b0
 .debug_str     0x0000000000000000      0x7cd CMakeFiles/CH32V307VCT6_CMake_2024_11_27.elf.dir/App/Drivers/JY61P/JY61P.c.obj
                                        0x8bc (size before relaxing)
 .debug_str     0x00000000000007cd      0xbd0 CMakeFiles/CH32V307VCT6_CMake_2024_11_27.elf.dir/App/Drivers/JY61P/usart2.c.obj
                                       0x12e6 (size before relaxing)
 .debug_str     0x000000000000139d       0x57 CMakeFiles/CH32V307VCT6_CMake_2024_11_27.elf.dir/App/Drivers/Led/led.c.obj
                                        0x832 (size before relaxing)
 .debug_str     0x00000000000013f4       0xca CMakeFiles/CH32V307VCT6_CMake_2024_11_27.elf.dir/Debug/debug.c.obj
                                        0x989 (size before relaxing)
 .debug_str     0x00000000000014be       0xc8 CMakeFiles/CH32V307VCT6_CMake_2024_11_27.elf.dir/Peripheral/src/ch32v30x_dbgmcu.c.obj
                                        0x6ae (size before relaxing)
 .debug_str     0x0000000000001586      0x112 CMakeFiles/CH32V307VCT6_CMake_2024_11_27.elf.dir/Peripheral/src/ch32v30x_dma.c.obj
                                        0x85b (size before relaxing)
 .debug_str     0x0000000000001698      0x28d CMakeFiles/CH32V307VCT6_CMake_2024_11_27.elf.dir/Peripheral/src/ch32v30x_gpio.c.obj
                                        0xa18 (size before relaxing)
 .debug_str     0x0000000000001925      0x13c CMakeFiles/CH32V307VCT6_CMake_2024_11_27.elf.dir/Peripheral/src/ch32v30x_misc.c.obj
                                        0xd21 (size before relaxing)
 .debug_str     0x0000000000001a61      0x689 CMakeFiles/CH32V307VCT6_CMake_2024_11_27.elf.dir/Peripheral/src/ch32v30x_rcc.c.obj
                                        0xd47 (size before relaxing)
 .debug_str     0x00000000000020ea      0x314 CMakeFiles/CH32V307VCT6_CMake_2024_11_27.elf.dir/Peripheral/src/ch32v30x_usart.c.obj
                                        0xb62 (size before relaxing)
 .debug_str     0x00000000000023fe       0x5e CMakeFiles/CH32V307VCT6_CMake_2024_11_27.elf.dir/Startup/startup_ch32v30x_D8C.S.obj
                                         0x97 (size before relaxing)
 .debug_str     0x000000000000245c       0x75 CMakeFiles/CH32V307VCT6_CMake_2024_11_27.elf.dir/User/ch32v30x_it.c.obj
                                        0x6ed (size before relaxing)
 .debug_str     0x00000000000024d1       0x69 CMakeFiles/CH32V307VCT6_CMake_2024_11_27.elf.dir/User/main.c.obj
                                        0x730 (size before relaxing)
 .debug_str     0x000000000000253a       0x76 CMakeFiles/CH32V307VCT6_CMake_2024_11_27.elf.dir/User/system_ch32v30x.c.obj
                                        0x753 (size before relaxing)

.comment        0x0000000000000000       0x33
 .comment       0x0000000000000000       0x33 CMakeFiles/CH32V307VCT6_CMake_2024_11_27.elf.dir/App/Drivers/JY61P/JY61P.c.obj
                                         0x34 (size before relaxing)
 .comment       0x0000000000000033       0x34 CMakeFiles/CH32V307VCT6_CMake_2024_11_27.elf.dir/App/Drivers/JY61P/usart2.c.obj
 .comment       0x0000000000000033       0x34 CMakeFiles/CH32V307VCT6_CMake_2024_11_27.elf.dir/App/Drivers/Led/led.c.obj
 .comment       0x0000000000000033       0x34 CMakeFiles/CH32V307VCT6_CMake_2024_11_27.elf.dir/Debug/debug.c.obj
 .comment       0x0000000000000033       0x34 CMakeFiles/CH32V307VCT6_CMake_2024_11_27.elf.dir/Peripheral/src/ch32v30x_dbgmcu.c.obj
 .comment       0x0000000000000033       0x34 CMakeFiles/CH32V307VCT6_CMake_2024_11_27.elf.dir/Peripheral/src/ch32v30x_dma.c.obj
 .comment       0x0000000000000033       0x34 CMakeFiles/CH32V307VCT6_CMake_2024_11_27.elf.dir/Peripheral/src/ch32v30x_gpio.c.obj
 .comment       0x0000000000000033       0x34 CMakeFiles/CH32V307VCT6_CMake_2024_11_27.elf.dir/Peripheral/src/ch32v30x_misc.c.obj
 .comment       0x0000000000000033       0x34 CMakeFiles/CH32V307VCT6_CMake_2024_11_27.elf.dir/Peripheral/src/ch32v30x_rcc.c.obj
 .comment       0x0000000000000033       0x34 CMakeFiles/CH32V307VCT6_CMake_2024_11_27.elf.dir/Peripheral/src/ch32v30x_usart.c.obj
 .comment       0x0000000000000033       0x34 CMakeFiles/CH32V307VCT6_CMake_2024_11_27.elf.dir/User/ch32v30x_it.c.obj
 .comment       0x0000000000000033       0x34 CMakeFiles/CH32V307VCT6_CMake_2024_11_27.elf.dir/User/main.c.obj
 .comment       0x0000000000000033       0x34 CMakeFiles/CH32V307VCT6_CMake_2024_11_27.elf.dir/User/system_ch32v30x.c.obj
 .comment       0x0000000000000033       0x34 e:/app_windows/mounriver_studio/base_file/mounriver_studio/toolchain/risc-v embedded gcc/bin/../lib/gcc/riscv-none-embed/8.2.0/../../../../riscv-none-embed/lib/rv32imafc/ilp32f\libprintfloat.a(printfloat.o)

.debug_frame    0x0000000000000000      0xe8c
 .debug_frame   0x0000000000000000      0x118 CMakeFiles/CH32V307VCT6_CMake_2024_11_27.elf.dir/App/Drivers/JY61P/JY61P.c.obj
 .debug_frame   0x0000000000000118      0x214 CMakeFiles/CH32V307VCT6_CMake_2024_11_27.elf.dir/App/Drivers/JY61P/usart2.c.obj
 .debug_frame   0x000000000000032c       0x2c CMakeFiles/CH32V307VCT6_CMake_2024_11_27.elf.dir/App/Drivers/Led/led.c.obj
 .debug_frame   0x0000000000000358       0xb8 CMakeFiles/CH32V307VCT6_CMake_2024_11_27.elf.dir/Debug/debug.c.obj
 .debug_frame   0x0000000000000410       0x84 CMakeFiles/CH32V307VCT6_CMake_2024_11_27.elf.dir/Peripheral/src/ch32v30x_dbgmcu.c.obj
 .debug_frame   0x0000000000000494       0xc0 CMakeFiles/CH32V307VCT6_CMake_2024_11_27.elf.dir/Peripheral/src/ch32v30x_dma.c.obj
 .debug_frame   0x0000000000000554      0x178 CMakeFiles/CH32V307VCT6_CMake_2024_11_27.elf.dir/Peripheral/src/ch32v30x_gpio.c.obj
 .debug_frame   0x00000000000006cc       0x30 CMakeFiles/CH32V307VCT6_CMake_2024_11_27.elf.dir/Peripheral/src/ch32v30x_misc.c.obj
 .debug_frame   0x00000000000006fc      0x340 CMakeFiles/CH32V307VCT6_CMake_2024_11_27.elf.dir/Peripheral/src/ch32v30x_rcc.c.obj
 .debug_frame   0x0000000000000a3c      0x1e8 CMakeFiles/CH32V307VCT6_CMake_2024_11_27.elf.dir/Peripheral/src/ch32v30x_usart.c.obj
 .debug_frame   0x0000000000000c24       0x30 CMakeFiles/CH32V307VCT6_CMake_2024_11_27.elf.dir/User/ch32v30x_it.c.obj
 .debug_frame   0x0000000000000c54       0x28 CMakeFiles/CH32V307VCT6_CMake_2024_11_27.elf.dir/User/main.c.obj
 .debug_frame   0x0000000000000c7c       0x74 CMakeFiles/CH32V307VCT6_CMake_2024_11_27.elf.dir/User/system_ch32v30x.c.obj
 .debug_frame   0x0000000000000cf0       0x20 e:/app_windows/mounriver_studio/base_file/mounriver_studio/toolchain/risc-v embedded gcc/bin/../lib/gcc/riscv-none-embed/8.2.0/rv32imafc/ilp32f\libgcc.a(ledf2.o)
 .debug_frame   0x0000000000000d10       0x58 e:/app_windows/mounriver_studio/base_file/mounriver_studio/toolchain/risc-v embedded gcc/bin/../lib/gcc/riscv-none-embed/8.2.0/rv32imafc/ilp32f\libgcc.a(muldf3.o)
 .debug_frame   0x0000000000000d68       0x44 e:/app_windows/mounriver_studio/base_file/mounriver_studio/toolchain/risc-v embedded gcc/bin/../lib/gcc/riscv-none-embed/8.2.0/rv32imafc/ilp32f\libgcc.a(subdf3.o)
 .debug_frame   0x0000000000000dac       0x20 e:/app_windows/mounriver_studio/base_file/mounriver_studio/toolchain/risc-v embedded gcc/bin/../lib/gcc/riscv-none-embed/8.2.0/rv32imafc/ilp32f\libgcc.a(fixdfdi.o)
 .debug_frame   0x0000000000000dcc       0x48 e:/app_windows/mounriver_studio/base_file/mounriver_studio/toolchain/risc-v embedded gcc/bin/../lib/gcc/riscv-none-embed/8.2.0/rv32imafc/ilp32f\libgcc.a(floatdidf.o)
 .debug_frame   0x0000000000000e14       0x38 e:/app_windows/mounriver_studio/base_file/mounriver_studio/toolchain/risc-v embedded gcc/bin/../lib/gcc/riscv-none-embed/8.2.0/rv32imafc/ilp32f\libgcc.a(extendsfdf2.o)
 .debug_frame   0x0000000000000e4c       0x20 e:/app_windows/mounriver_studio/base_file/mounriver_studio/toolchain/risc-v embedded gcc/bin/../lib/gcc/riscv-none-embed/8.2.0/rv32imafc/ilp32f\libgcc.a(_clzsi2.o)
 .debug_frame   0x0000000000000e6c       0x20 e:/app_windows/mounriver_studio/base_file/mounriver_studio/toolchain/risc-v embedded gcc/bin/../lib/gcc/riscv-none-embed/8.2.0/../../../../riscv-none-embed/lib/rv32imafc/ilp32f\libc_nano.a(lib_a-memcpy.o)
