Archive member included to satisfy reference by file (symbol)

e:/app_windows/mounriver_studio/base_file/mounriver_studio/toolchain/risc-v embedded gcc/bin/../lib/gcc/riscv-none-embed/8.2.0/../../../../riscv-none-embed/lib/rv32imafc/ilp32f\libm.a(lib_a-s_floor.o)
                              CMakeFiles/CH32V307VCT6_2024_11_27.elf.dir/CMyLib/Src/cJSON.c.obj (floor)
e:/app_windows/mounriver_studio/base_file/mounriver_studio/toolchain/risc-v embedded gcc/bin/../lib/gcc/riscv-none-embed/8.2.0/../../../../riscv-none-embed/lib/rv32imafc/ilp32f\libm.a(lib_a-w_pow.o)
                              CMakeFiles/CH32V307VCT6_2024_11_27.elf.dir/CMyLib/Src/cJSON.c.obj (pow)
e:/app_windows/mounriver_studio/base_file/mounriver_studio/toolchain/risc-v embedded gcc/bin/../lib/gcc/riscv-none-embed/8.2.0/../../../../riscv-none-embed/lib/rv32imafc/ilp32f\libm.a(lib_a-e_pow.o)
                              e:/app_windows/mounriver_studio/base_file/mounriver_studio/toolchain/risc-v embedded gcc/bin/../lib/gcc/riscv-none-embed/8.2.0/../../../../riscv-none-embed/lib/rv32imafc/ilp32f\libm.a(lib_a-w_pow.o) (__ieee754_pow)
e:/app_windows/mounriver_studio/base_file/mounriver_studio/toolchain/risc-v embedded gcc/bin/../lib/gcc/riscv-none-embed/8.2.0/../../../../riscv-none-embed/lib/rv32imafc/ilp32f\libm.a(lib_a-e_sqrt.o)
                              e:/app_windows/mounriver_studio/base_file/mounriver_studio/toolchain/risc-v embedded gcc/bin/../lib/gcc/riscv-none-embed/8.2.0/../../../../riscv-none-embed/lib/rv32imafc/ilp32f\libm.a(lib_a-e_pow.o) (__ieee754_sqrt)
e:/app_windows/mounriver_studio/base_file/mounriver_studio/toolchain/risc-v embedded gcc/bin/../lib/gcc/riscv-none-embed/8.2.0/../../../../riscv-none-embed/lib/rv32imafc/ilp32f\libm.a(lib_a-s_fabs.o)
                              e:/app_windows/mounriver_studio/base_file/mounriver_studio/toolchain/risc-v embedded gcc/bin/../lib/gcc/riscv-none-embed/8.2.0/../../../../riscv-none-embed/lib/rv32imafc/ilp32f\libm.a(lib_a-e_pow.o) (fabs)
e:/app_windows/mounriver_studio/base_file/mounriver_studio/toolchain/risc-v embedded gcc/bin/../lib/gcc/riscv-none-embed/8.2.0/../../../../riscv-none-embed/lib/rv32imafc/ilp32f\libm.a(lib_a-s_finite.o)
                              e:/app_windows/mounriver_studio/base_file/mounriver_studio/toolchain/risc-v embedded gcc/bin/../lib/gcc/riscv-none-embed/8.2.0/../../../../riscv-none-embed/lib/rv32imafc/ilp32f\libm.a(lib_a-w_pow.o) (finite)
e:/app_windows/mounriver_studio/base_file/mounriver_studio/toolchain/risc-v embedded gcc/bin/../lib/gcc/riscv-none-embed/8.2.0/../../../../riscv-none-embed/lib/rv32imafc/ilp32f\libm.a(lib_a-s_lib_ver.o)
                              e:/app_windows/mounriver_studio/base_file/mounriver_studio/toolchain/risc-v embedded gcc/bin/../lib/gcc/riscv-none-embed/8.2.0/../../../../riscv-none-embed/lib/rv32imafc/ilp32f\libm.a(lib_a-w_pow.o) (__fdlib_version)
e:/app_windows/mounriver_studio/base_file/mounriver_studio/toolchain/risc-v embedded gcc/bin/../lib/gcc/riscv-none-embed/8.2.0/../../../../riscv-none-embed/lib/rv32imafc/ilp32f\libm.a(lib_a-s_matherr.o)
                              e:/app_windows/mounriver_studio/base_file/mounriver_studio/toolchain/risc-v embedded gcc/bin/../lib/gcc/riscv-none-embed/8.2.0/../../../../riscv-none-embed/lib/rv32imafc/ilp32f\libm.a(lib_a-w_pow.o) (matherr)
e:/app_windows/mounriver_studio/base_file/mounriver_studio/toolchain/risc-v embedded gcc/bin/../lib/gcc/riscv-none-embed/8.2.0/../../../../riscv-none-embed/lib/rv32imafc/ilp32f\libm.a(lib_a-s_nan.o)
                              e:/app_windows/mounriver_studio/base_file/mounriver_studio/toolchain/risc-v embedded gcc/bin/../lib/gcc/riscv-none-embed/8.2.0/../../../../riscv-none-embed/lib/rv32imafc/ilp32f\libm.a(lib_a-e_pow.o) (nan)
e:/app_windows/mounriver_studio/base_file/mounriver_studio/toolchain/risc-v embedded gcc/bin/../lib/gcc/riscv-none-embed/8.2.0/../../../../riscv-none-embed/lib/rv32imafc/ilp32f\libm.a(lib_a-s_rint.o)
                              e:/app_windows/mounriver_studio/base_file/mounriver_studio/toolchain/risc-v embedded gcc/bin/../lib/gcc/riscv-none-embed/8.2.0/../../../../riscv-none-embed/lib/rv32imafc/ilp32f\libm.a(lib_a-w_pow.o) (rint)
e:/app_windows/mounriver_studio/base_file/mounriver_studio/toolchain/risc-v embedded gcc/bin/../lib/gcc/riscv-none-embed/8.2.0/../../../../riscv-none-embed/lib/rv32imafc/ilp32f\libm.a(lib_a-s_scalbn.o)
                              e:/app_windows/mounriver_studio/base_file/mounriver_studio/toolchain/risc-v embedded gcc/bin/../lib/gcc/riscv-none-embed/8.2.0/../../../../riscv-none-embed/lib/rv32imafc/ilp32f\libm.a(lib_a-e_pow.o) (scalbn)
e:/app_windows/mounriver_studio/base_file/mounriver_studio/toolchain/risc-v embedded gcc/bin/../lib/gcc/riscv-none-embed/8.2.0/../../../../riscv-none-embed/lib/rv32imafc/ilp32f\libm.a(lib_a-s_copysign.o)
[...]
Memory Configuration

Name             Origin             Length             Attributes
FLASH            0x0000000000000000 0x0000000000048000 xr
RAM              0x0000000020000000 0x0000000000008000 xrw
*default*        0x0000000000000000 0xffffffffffffffff

Linker script and memory map

LOAD CMakeFiles/CH32V307VCT6_2024_11_27.elf.dir/CMyLib/Src/cJSON.c.obj
LOAD CMakeFiles/CH32V307VCT6_2024_11_27.elf.dir/CMyLib/cMyLib.c.obj
LOAD CMakeFiles/CH32V307VCT6_2024_11_27.elf.dir/Core/core_riscv.c.obj
LOAD CMakeFiles/CH32V307VCT6_2024_11_27.elf.dir/Debug/debug.c.obj
LOAD CMakeFiles/CH32V307VCT6_2024_11_27.elf.dir/Peripheral/src/ch32v30x_adc.c.obj
LOAD CMakeFiles/CH32V307VCT6_2024_11_27.elf.dir/Peripheral/src/ch32v30x_bkp.c.obj
LOAD CMakeFiles/CH32V307VCT6_2024_11_27.elf.dir/Peripheral/src/ch32v30x_can.c.obj
LOAD CMakeFiles/CH32V307VCT6_2024_11_27.elf.dir/Peripheral/src/ch32v30x_crc.c.obj
LOAD CMakeFiles/CH32V307VCT6_2024_11_27.elf.dir/Peripheral/src/ch32v30x_dac.c.obj
LOAD CMakeFiles/CH32V307VCT6_2024_11_27.elf.dir/Peripheral/src/ch32v30x_dbgmcu.c.obj
LOAD CMakeFiles/CH32V307VCT6_2024_11_27.elf.dir/Peripheral/src/ch32v30x_dma.c.obj
LOAD CMakeFiles/CH32V307VCT6_2024_11_27.elf.dir/Peripheral/src/ch32v30x_dvp.c.obj
LOAD CMakeFiles/CH32V307VCT6_2024_11_27.elf.dir/Peripheral/src/ch32v30x_eth.c.obj
LOAD CMakeFiles/CH32V307VCT6_2024_11_27.elf.dir/Peripheral/src/ch32v30x_exti.c.obj
LOAD CMakeFiles/CH32V307VCT6_2024_11_27.elf.dir/Peripheral/src/ch32v30x_flash.c.obj
LOAD CMakeFiles/CH32V307VCT6_2024_11_27.elf.dir/Peripheral/src/ch32v30x_fsmc.c.obj
LOAD CMakeFiles/CH32V307VCT6_2024_11_27.elf.dir/Peripheral/src/ch32v30x_gpio.c.obj
LOAD CMakeFiles/CH32V307VCT6_2024_11_27.elf.dir/Peripheral/src/ch32v30x_i2c.c.obj
LOAD CMakeFiles/CH32V307VCT6_2024_11_27.elf.dir/Peripheral/src/ch32v30x_iwdg.c.obj
LOAD CMakeFiles/CH32V307VCT6_2024_11_27.elf.dir/Peripheral/src/ch32v30x_misc.c.obj
LOAD CMakeFiles/CH32V307VCT6_2024_11_27.elf.dir/Peripheral/src/ch32v30x_opa.c.obj
LOAD CMakeFiles/CH32V307VCT6_2024_11_27.elf.dir/Peripheral/src/ch32v30x_pwr.c.obj
LOAD CMakeFiles/CH32V307VCT6_2024_11_27.elf.dir/Peripheral/src/ch32v30x_rcc.c.obj
LOAD CMakeFiles/CH32V307VCT6_2024_11_27.elf.dir/Peripheral/src/ch32v30x_rng.c.obj
LOAD CMakeFiles/CH32V307VCT6_2024_11_27.elf.dir/Peripheral/src/ch32v30x_rtc.c.obj
LOAD CMakeFiles/CH32V307VCT6_2024_11_27.elf.dir/Peripheral/src/ch32v30x_sdio.c.obj
LOAD CMakeFiles/CH32V307VCT6_2024_11_27.elf.dir/Peripheral/src/ch32v30x_spi.c.obj
LOAD CMakeFiles/CH32V307VCT6_2024_11_27.elf.dir/Peripheral/src/ch32v30x_tim.c.obj
LOAD CMakeFiles/CH32V307VCT6_2024_11_27.elf.dir/Peripheral/src/ch32v30x_usart.c.obj
LOAD CMakeFiles/CH32V307VCT6_2024_11_27.elf.dir/Peripheral/src/ch32v30x_wwdg.c.obj
LOAD CMakeFiles/CH32V307VCT6_2024_11_27.elf.dir/Startup/startup_ch32v30x_D8C.S.obj
LOAD CMakeFiles/CH32V307VCT6_2024_11_27.elf.dir/User/ch32v30x_it.c.obj
LOAD CMakeFiles/CH32V307VCT6_2024_11_27.elf.dir/User/main.c.obj
LOAD CMakeFiles/CH32V307VCT6_2024_11_27.elf.dir/User/system_ch32v30x.c.obj
LOAD e:/app_windows/mounriver_studio/base_file/mounriver_studio/toolchain/risc-v embedded gcc/bin/../lib/gcc/riscv-none-embed/8.2.0/../../../../riscv-none-embed/lib/rv32imafc/ilp32f\libm.a
LOAD e:/app_windows/mounriver_studio/base_file/mounriver_studio/toolchain/risc-v embedded gcc/bin/../lib/gcc/riscv-none-embed/8.2.0/rv32imafc/ilp32f\libgcc.a
LOAD e:/app_windows/mounriver_studio/base_file/mounriver_studio/toolchain/risc-v embedded gcc/bin/../lib/gcc/riscv-none-embed/8.2.0/../../../../riscv-none-embed/lib/rv32imafc/ilp32f\libc_nano.a
LOAD e:/app_windows/mounriver_studio/base_file/mounriver_studio/toolchain/risc-v embedded gcc/bin/../lib/gcc/riscv-none-embed/8.2.0/rv32imafc/ilp32f\libgcc.a
START GROUP
LOAD e:/app_windows/mounriver_studio/base_file/mounriver_studio/toolchain/risc-v embedded gcc/bin/../lib/gcc/riscv-none-embed/8.2.0/rv32imafc/ilp32f\libgcc.a
LOAD e:/app_windows/mounriver_studio/base_file/mounriver_studio/toolchain/risc-v embedded gcc/bin/../lib/gcc/riscv-none-embed/8.2.0/../../../../riscv-none-embed/lib/rv32imafc/ilp32f\libc_nano.a
LOAD e:/app_windows/mounriver_studio/base_file/mounriver_studio/toolchain/risc-v embedded gcc/bin/../lib/gcc/riscv-none-embed/8.2.0/../../../../riscv-none-embed/lib/rv32imafc/ilp32f\libnosys.a
END GROUP
START GROUP
LOAD e:/app_windows/mounriver_studio/base_file/mounriver_studio/toolchain/risc-v embedded gcc/bin/../lib/gcc/riscv-none-embed/8.2.0/rv32imafc/ilp32f\libgcc.a
LOAD e:/app_windows/mounriver_studio/base_file/mounriver_studio/toolchain/risc-v embedded gcc/bin/../lib/gcc/riscv-none-embed/8.2.0/../../../../riscv-none-embed/lib/rv32imafc/ilp32f\libc_nano.a
LOAD e:/app_windows/mounriver_studio/base_file/mounriver_studio/toolchain/risc-v embedded gcc/bin/../lib/gcc/riscv-none-embed/8.2.0/../../../../riscv-none-embed/lib/rv32imafc/ilp32f\libnosys.a
END GROUP
                0x0000000000000800                __stack_size = 0x800
                [!provide]                        PROVIDE (_stack_size = __stack_size)

.init           0x0000000000000000        0x4
                0x0000000000000000                _sinit = .
                0x0000000000000000                . = ALIGN (0x4)
 *(SORT_NONE(.init))
 .init          0x0000000000000000        0x4 CMakeFiles/CH32V307VCT6_2024_11_27.elf.dir/Startup/startup_ch32v30x_D8C.S.obj
                0x0000000000000000                _start
                0x0000000000000004                . = ALIGN (0x4)
                0x0000000000000004                _einit = .

.vector         0x0000000000000004      0x1bc
 *(.vector)
 .vector        0x0000000000000004      0x1a0 CMakeFiles/CH32V307VCT6_2024_11_27.elf.dir/Startup/startup_ch32v30x_D8C.S.obj
                0x00000000000001c0                . = ALIGN (0x40)
 *fill*         0x00000000000001a4       0x1c 

.text           0x00000000000001c0     0x1b34
                0x00000000000001c0                . = ALIGN (0x4)
 *(.text)
 .text          0x00000000000001c0       0xa8 e:/app_windows/mounriver_studio/base_file/mounriver_studio/toolchain/risc-v embedded gcc/bin/../lib/gcc/riscv-none-embed/8.2.0/../../../../riscv-none-embed/lib/rv32imafc/ilp32f\libc_nano.a(lib_a-memset.o)
                0x00000000000001c0                memset
 *(.text.*)
 .text.Delay_Init
                0x0000000000000268       0x28 CMakeFiles/CH32V307VCT6_2024_11_27.elf.dir/Debug/debug.c.obj
                0x0000000000000268                Delay_Init
 .text.USART_Printf_Init
                0x0000000000000290       0x5a CMakeFiles/CH32V307VCT6_2024_11_27.elf.dir/Debug/debug.c.obj
                0x0000000000000290                USART_Printf_Init
 .text._write   0x00000000000002ea       0x4c CMakeFiles/CH32V307VCT6_2024_11_27.elf.dir/Debug/debug.c.obj
                0x00000000000002ea                _write
 .text._sbrk    0x0000000000000336       0x32 CMakeFiles/CH32V307VCT6_2024_11_27.elf.dir/Debug/debug.c.obj
                0x0000000000000336                _sbrk
 .text.DBGMCU_GetCHIPID
                0x0000000000000368        0xa CMakeFiles/CH32V307VCT6_2024_11_27.elf.dir/Peripheral/src/ch32v30x_dbgmcu.c.obj
                0x0000000000000368                DBGMCU_GetCHIPID
 .text.GPIO_Init
                0x0000000000000372       0xd4 CMakeFiles/CH32V307VCT6_2024_11_27.elf.dir/Peripheral/src/ch32v30x_gpio.c.obj
                0x0000000000000372                GPIO_Init
 .text.NVIC_PriorityGroupConfig
                0x0000000000000446        0x6 CMakeFiles/CH32V307VCT6_2024_11_27.elf.dir/Peripheral/src/ch32v30x_misc.c.obj
                0x0000000000000446                NVIC_PriorityGroupConfig
 .text.RCC_GetClocksFreq
                0x000000000000044c      0x192 CMakeFiles/CH32V307VCT6_2024_11_27.elf.dir/Peripheral/src/ch32v30x_rcc.c.obj
                0x000000000000044c                RCC_GetClocksFreq
 .text.RCC_APB2PeriphClockCmd
                0x00000000000005de       0x1e CMakeFiles/CH32V307VCT6_2024_11_27.elf.dir/Peripheral/src/ch32v30x_rcc.c.obj
                0x00000000000005de                RCC_APB2PeriphClockCmd
 .text.USART_Init
                0x00000000000005fc       0xae CMakeFiles/CH32V307VCT6_2024_11_27.elf.dir/Peripheral/src/ch32v30x_usart.c.obj
                0x00000000000005fc                USART_Init
 .text.USART_Cmd
                0x00000000000006aa       0x20 CMakeFiles/CH32V307VCT6_2024_11_27.elf.dir/Peripheral/src/ch32v30x_usart.c.obj
                0x00000000000006aa                USART_Cmd
 .text.USART_SendData
                0x00000000000006ca        0xa CMakeFiles/CH32V307VCT6_2024_11_27.elf.dir/Peripheral/src/ch32v30x_usart.c.obj
                0x00000000000006ca                USART_SendData
 .text.USART_GetFlagStatus
                0x00000000000006d4        0xc CMakeFiles/CH32V307VCT6_2024_11_27.elf.dir/Peripheral/src/ch32v30x_usart.c.obj
                0x00000000000006d4                USART_GetFlagStatus
 .text.vector_handler
                0x00000000000006e0        0x2 CMakeFiles/CH32V307VCT6_2024_11_27.elf.dir/Startup/startup_ch32v30x_D8C.S.obj
                0x00000000000006e0                EXTI2_IRQHandler
                0x00000000000006e0                TIM8_TRG_COM_IRQHandler
                0x00000000000006e0                TIM8_CC_IRQHandler
                0x00000000000006e0                UART8_IRQHandler
                0x00000000000006e0                TIM1_CC_IRQHandler
                0x00000000000006e0                TIM6_IRQHandler
                0x00000000000006e0                SysTick_Handler
                0x00000000000006e0                PVD_IRQHandler
                0x00000000000006e0                SDIO_IRQHandler
                0x00000000000006e0                TIM9_BRK_IRQHandler
                0x00000000000006e0                DMA2_Channel8_IRQHandler
                0x00000000000006e0                CAN2_RX1_IRQHandler
                0x00000000000006e0                EXTI3_IRQHandler
                0x00000000000006e0                USBHS_IRQHandler
                0x00000000000006e0                DMA2_Channel9_IRQHandler
                0x00000000000006e0                TIM10_CC_IRQHandler
                0x00000000000006e0                USBFS_IRQHandler
                0x00000000000006e0                EXTI0_IRQHandler
                0x00000000000006e0                I2C2_EV_IRQHandler
                0x00000000000006e0                TIM10_TRG_COM_IRQHandler
                0x00000000000006e0                CAN2_SCE_IRQHandler
                0x00000000000006e0                ADC1_2_IRQHandler
                0x00000000000006e0                Break_Point_Handler
                0x00000000000006e0                SPI1_IRQHandler
                0x00000000000006e0                TAMPER_IRQHandler
                0x00000000000006e0                CAN2_RX0_IRQHandler
                0x00000000000006e0                TIM8_UP_IRQHandler
                0x00000000000006e0                Ecall_M_Mode_Handler
                0x00000000000006e0                DMA2_Channel2_IRQHandler
                0x00000000000006e0                DMA1_Channel4_IRQHandler
                0x00000000000006e0                TIM9_UP_IRQHandler
                0x00000000000006e0                USART3_IRQHandler
                0x00000000000006e0                RTC_IRQHandler
                0x00000000000006e0                DMA1_Channel7_IRQHandler
                0x00000000000006e0                CAN1_RX1_IRQHandler
                0x00000000000006e0                DVP_IRQHandler
                0x00000000000006e0                UART5_IRQHandler
                0x00000000000006e0                TIM4_IRQHandler
                0x00000000000006e0                DMA2_Channel1_IRQHandler
                0x00000000000006e0                I2C1_EV_IRQHandler
                0x00000000000006e0                DMA1_Channel6_IRQHandler
                0x00000000000006e0                UART4_IRQHandler
                0x00000000000006e0                DMA2_Channel4_IRQHandler
                0x00000000000006e0                TIM3_IRQHandler
                0x00000000000006e0                RCC_IRQHandler
                0x00000000000006e0                TIM1_TRG_COM_IRQHandler
                0x00000000000006e0                DMA1_Channel1_IRQHandler
                0x00000000000006e0                DMA2_Channel7_IRQHandler
                0x00000000000006e0                EXTI15_10_IRQHandler
                0x00000000000006e0                TIM7_IRQHandler
                0x00000000000006e0                CAN2_TX_IRQHandler
                0x00000000000006e0                TIM5_IRQHandler
                0x00000000000006e0                EXTI9_5_IRQHandler
                0x00000000000006e0                ETH_WKUP_IRQHandler
                0x00000000000006e0                SPI2_IRQHandler
                0x00000000000006e0                TIM10_BRK_IRQHandler
                0x00000000000006e0                TIM9_CC_IRQHandler
                0x00000000000006e0                DMA2_Channel5_IRQHandler
                0x00000000000006e0                DMA1_Channel5_IRQHandler
                0x00000000000006e0                EXTI4_IRQHandler
                0x00000000000006e0                USB_LP_CAN1_RX0_IRQHandler
                0x00000000000006e0                RNG_IRQHandler
                0x00000000000006e0                USB_HP_CAN1_TX_IRQHandler
                0x00000000000006e0                DMA1_Channel3_IRQHandler
                0x00000000000006e0                ETH_IRQHandler
                0x00000000000006e0                TIM1_UP_IRQHandler
                0x00000000000006e0                WWDG_IRQHandler
                0x00000000000006e0                USBHSWakeup_IRQHandler
                0x00000000000006e0                DMA2_Channel11_IRQHandler
                0x00000000000006e0                Ecall_U_Mode_Handler
                0x00000000000006e0                DMA2_Channel6_IRQHandler
                0x00000000000006e0                TIM2_IRQHandler
                0x00000000000006e0                SW_Handler
                0x00000000000006e0                TIM1_BRK_IRQHandler
                0x00000000000006e0                DMA2_Channel10_IRQHandler
                0x00000000000006e0                EXTI1_IRQHandler
                0x00000000000006e0                RTCAlarm_IRQHandler
                0x00000000000006e0                TIM10_UP_IRQHandler
                0x00000000000006e0                TIM9_TRG_COM_IRQHandler
                0x00000000000006e0                UART7_IRQHandler
                0x00000000000006e0                USART2_IRQHandler
                0x00000000000006e0                UART6_IRQHandler
                0x00000000000006e0                I2C2_ER_IRQHandler
                0x00000000000006e0                DMA1_Channel2_IRQHandler
                0x00000000000006e0                TIM8_BRK_IRQHandler
                0x00000000000006e0                CAN1_SCE_IRQHandler
                0x00000000000006e0                FLASH_IRQHandler
                0x00000000000006e0                USART1_IRQHandler
                0x00000000000006e0                SPI3_IRQHandler
                0x00000000000006e0                I2C1_ER_IRQHandler
                0x00000000000006e0                USBWakeUp_IRQHandler
                0x00000000000006e0                DMA2_Channel3_IRQHandler
 .text.handle_reset
                0x00000000000006e2       0x8a CMakeFiles/CH32V307VCT6_2024_11_27.elf.dir/Startup/startup_ch32v30x_D8C.S.obj
                0x00000000000006e2                handle_reset
 .text.NMI_Handler
                0x000000000000076c        0x2 CMakeFiles/CH32V307VCT6_2024_11_27.elf.dir/User/ch32v30x_it.c.obj
                0x000000000000076c                NMI_Handler
 .text.HardFault_Handler
                0x000000000000076e       0x10 CMakeFiles/CH32V307VCT6_2024_11_27.elf.dir/User/ch32v30x_it.c.obj
                0x000000000000076e                HardFault_Handler
 .text.startup.main
                0x000000000000077e       0x3e CMakeFiles/CH32V307VCT6_2024_11_27.elf.dir/User/main.c.obj
                0x000000000000077e                main
 .text.SystemInit
                0x00000000000007bc      0x10a CMakeFiles/CH32V307VCT6_2024_11_27.elf.dir/User/system_ch32v30x.c.obj
                0x00000000000007bc                SystemInit
 .text.SystemCoreClockUpdate
                0x00000000000008c6      0x136 CMakeFiles/CH32V307VCT6_2024_11_27.elf.dir/User/system_ch32v30x.c.obj
                0x00000000000008c6                SystemCoreClockUpdate
 .text._free_r  0x00000000000009fc       0xa8 e:/app_windows/mounriver_studio/base_file/mounriver_studio/toolchain/risc-v embedded gcc/bin/../lib/gcc/riscv-none-embed/8.2.0/../../../../riscv-none-embed/lib/rv32imafc/ilp32f\libc_nano.a(lib_a-nano-freer.o)
                0x00000000000009fc                _free_r
 .text._malloc_r
                0x0000000000000aa4       0xd4 e:/app_windows/mounriver_studio/base_file/mounriver_studio/toolchain/risc-v embedded gcc/bin/../lib/gcc/riscv-none-embed/8.2.0/../../../../riscv-none-embed/lib/rv32imafc/ilp32f\libc_nano.a(lib_a-nano-mallocr.o)
                0x0000000000000aa4                _malloc_r
 .text.printf   0x0000000000000b78       0x40 e:/app_windows/mounriver_studio/base_file/mounriver_studio/toolchain/risc-v embedded gcc/bin/../lib/gcc/riscv-none-embed/8.2.0/../../../../riscv-none-embed/lib/rv32imafc/ilp32f\libc_nano.a(lib_a-printf.o)
                0x0000000000000b78                iprintf
                0x0000000000000b78                printf
 .text._puts_r  0x0000000000000bb8       0xda e:/app_windows/mounriver_studio/base_file/mounriver_studio/toolchain/risc-v embedded gcc/bin/../lib/gcc/riscv-none-embed/8.2.0/../../../../riscv-none-embed/lib/rv32imafc/ilp32f\libc_nano.a(lib_a-puts.o)
                0x0000000000000bb8                _puts_r
 .text.puts     0x0000000000000c92        0xa e:/app_windows/mounriver_studio/base_file/mounriver_studio/toolchain/risc-v embedded gcc/bin/../lib/gcc/riscv-none-embed/8.2.0/../../../../riscv-none-embed/lib/rv32imafc/ilp32f\libc_nano.a(lib_a-puts.o)
                0x0000000000000c92                puts
 .text._sbrk_r  0x0000000000000c9c       0x2a e:/app_windows/mounriver_studio/base_file/mounriver_studio/toolchain/risc-v embedded gcc/bin/../lib/gcc/riscv-none-embed/8.2.0/../../../../riscv-none-embed/lib/rv32imafc/ilp32f\libc_nano.a(lib_a-sbrkr.o)
                0x0000000000000c9c                _sbrk_r
 .text.__swbuf_r
                0x0000000000000cc6       0xc0 e:/app_windows/mounriver_studio/base_file/mounriver_studio/toolchain/risc-v embedded gcc/bin/../lib/gcc/riscv-none-embed/8.2.0/../../../../riscv-none-embed/lib/rv32imafc/ilp32f\libc_nano.a(lib_a-wbuf.o)
                0x0000000000000cc6                __swbuf_r
 .text.__swsetup_r
                0x0000000000000d86      0x10c e:/app_windows/mounriver_studio/base_file/mounriver_studio/toolchain/risc-v embedded gcc/bin/../lib/gcc/riscv-none-embed/8.2.0/../../../../riscv-none-embed/lib/rv32imafc/ilp32f\libc_nano.a(lib_a-wsetup.o)
                0x0000000000000d86                __swsetup_r
 .text.__sflush_r
                0x0000000000000e92      0x13c e:/app_windows/mounriver_studio/base_file/mounriver_studio/toolchain/risc-v embedded gcc/bin/../lib/gcc/riscv-none-embed/8.2.0/../../../../riscv-none-embed/lib/rv32imafc/ilp32f\libc_nano.a(lib_a-fflush.o)
                0x0000000000000e92                __sflush_r
 .text._fflush_r
                0x0000000000000fce       0x64 e:/app_windows/mounriver_studio/base_file/mounriver_studio/toolchain/risc-v embedded gcc/bin/../lib/gcc/riscv-none-embed/8.2.0/../../../../riscv-none-embed/lib/rv32imafc/ilp32f\libc_nano.a(lib_a-fflush.o)
                0x0000000000000fce                _fflush_r
 .text.std      0x0000000000001032       0x6a e:/app_windows/mounriver_studio/base_file/mounriver_studio/toolchain/risc-v embedded gcc/bin/../lib/gcc/riscv-none-embed/8.2.0/../../../../riscv-none-embed/lib/rv32imafc/ilp32f\libc_nano.a(lib_a-findfp.o)
 .text._cleanup_r
                0x000000000000109c        0xa e:/app_windows/mounriver_studio/base_file/mounriver_studio/toolchain/risc-v embedded gcc/bin/../lib/gcc/riscv-none-embed/8.2.0/../../../../riscv-none-embed/lib/rv32imafc/ilp32f\libc_nano.a(lib_a-findfp.o)
                0x000000000000109c                _cleanup_r
 .text.__sfmoreglue
                0x00000000000010a6       0x46 e:/app_windows/mounriver_studio/base_file/mounriver_studio/toolchain/risc-v embedded gcc/bin/../lib/gcc/riscv-none-embed/8.2.0/../../../../riscv-none-embed/lib/rv32imafc/ilp32f\libc_nano.a(lib_a-findfp.o)
                0x00000000000010a6                __sfmoreglue
 .text.__sinit  0x00000000000010ec       0x66 e:/app_windows/mounriver_studio/base_file/mounriver_studio/toolchain/risc-v embedded gcc/bin/../lib/gcc/riscv-none-embed/8.2.0/../../../../riscv-none-embed/lib/rv32imafc/ilp32f\libc_nano.a(lib_a-findfp.o)
                0x00000000000010ec                __sinit
 .text.__sfp    0x0000000000001152       0x9c e:/app_windows/mounriver_studio/base_file/mounriver_studio/toolchain/risc-v embedded gcc/bin/../lib/gcc/riscv-none-embed/8.2.0/../../../../riscv-none-embed/lib/rv32imafc/ilp32f\libc_nano.a(lib_a-findfp.o)
                0x0000000000001152                __sfp
 .text._fwalk_reent
                0x00000000000011ee       0x6c e:/app_windows/mounriver_studio/base_file/mounriver_studio/toolchain/risc-v embedded gcc/bin/../lib/gcc/riscv-none-embed/8.2.0/../../../../riscv-none-embed/lib/rv32imafc/ilp32f\libc_nano.a(lib_a-fwalk.o)
                0x00000000000011ee                _fwalk_reent
 .text.__swhatbuf_r
                0x000000000000125a       0x5a e:/app_windows/mounriver_studio/base_file/mounriver_studio/toolchain/risc-v embedded gcc/bin/../lib/gcc/riscv-none-embed/8.2.0/../../../../riscv-none-embed/lib/rv32imafc/ilp32f\libc_nano.a(lib_a-makebuf.o)
                0x000000000000125a                __swhatbuf_r
 .text.__smakebuf_r
                0x00000000000012b4       0xa0 e:/app_windows/mounriver_studio/base_file/mounriver_studio/toolchain/risc-v embedded gcc/bin/../lib/gcc/riscv-none-embed/8.2.0/../../../../riscv-none-embed/lib/rv32imafc/ilp32f\libc_nano.a(lib_a-makebuf.o)
                0x00000000000012b4                __smakebuf_r
 .text.__malloc_lock
                0x0000000000001354        0x2 e:/app_windows/mounriver_studio/base_file/mounriver_studio/toolchain/risc-v embedded gcc/bin/../lib/gcc/riscv-none-embed/8.2.0/../../../../riscv-none-embed/lib/rv32imafc/ilp32f\libc_nano.a(lib_a-mlock.o)
                0x0000000000001354                __malloc_lock
 .text.__malloc_unlock
                0x0000000000001356        0x2 e:/app_windows/mounriver_studio/base_file/mounriver_studio/toolchain/risc-v embedded gcc/bin/../lib/gcc/riscv-none-embed/8.2.0/../../../../riscv-none-embed/lib/rv32imafc/ilp32f\libc_nano.a(lib_a-mlock.o)
                0x0000000000001356                __malloc_unlock
 .text.__sfputc_r
                0x0000000000001358       0x28 e:/app_windows/mounriver_studio/base_file/mounriver_studio/toolchain/risc-v embedded gcc/bin/../lib/gcc/riscv-none-embed/8.2.0/../../../../riscv-none-embed/lib/rv32imafc/ilp32f\libc_nano.a(lib_a-nano-vfprintf.o)
 .text.__sfputs_r
                0x0000000000001380       0x42 e:/app_windows/mounriver_studio/base_file/mounriver_studio/toolchain/risc-v embedded gcc/bin/../lib/gcc/riscv-none-embed/8.2.0/../../../../riscv-none-embed/lib/rv32imafc/ilp32f\libc_nano.a(lib_a-nano-vfprintf.o)
                0x0000000000001380                __sfputs_r
 .text._vfprintf_r
                0x00000000000013c2      0x298 e:/app_windows/mounriver_studio/base_file/mounriver_studio/toolchain/risc-v embedded gcc/bin/../lib/gcc/riscv-none-embed/8.2.0/../../../../riscv-none-embed/lib/rv32imafc/ilp32f\libc_nano.a(lib_a-nano-vfprintf.o)
                0x00000000000013c2                _vfprintf_r
                0x00000000000013c2                _vfiprintf_r
 .text._printf_common
                0x000000000000165a      0x10c e:/app_windows/mounriver_studio/base_file/mounriver_studio/toolchain/risc-v embedded gcc/bin/../lib/gcc/riscv-none-embed/8.2.0/../../../../riscv-none-embed/lib/rv32imafc/ilp32f\libc_nano.a(lib_a-nano-vfprintf_i.o)
                0x000000000000165a                _printf_common
 .text._printf_i
                0x0000000000001766      0x2a8 e:/app_windows/mounriver_studio/base_file/mounriver_studio/toolchain/risc-v embedded gcc/bin/../lib/gcc/riscv-none-embed/8.2.0/../../../../riscv-none-embed/lib/rv32imafc/ilp32f\libc_nano.a(lib_a-nano-vfprintf_i.o)
                0x0000000000001766                _printf_i
 .text.__sread  0x0000000000001a0e       0x30 e:/app_windows/mounriver_studio/base_file/mounriver_studio/toolchain/risc-v embedded gcc/bin/../lib/gcc/riscv-none-embed/8.2.0/../../../../riscv-none-embed/lib/rv32imafc/ilp32f\libc_nano.a(lib_a-stdio.o)
                0x0000000000001a0e                __sread
 .text.__swrite
                0x0000000000001a3e       0x4e e:/app_windows/mounriver_studio/base_file/mounriver_studio/toolchain/risc-v embedded gcc/bin/../lib/gcc/riscv-none-embed/8.2.0/../../../../riscv-none-embed/lib/rv32imafc/ilp32f\libc_nano.a(lib_a-stdio.o)
                0x0000000000001a3e                __swrite
 .text.__sseek  0x0000000000001a8c       0x36 e:/app_windows/mounriver_studio/base_file/mounriver_studio/toolchain/risc-v embedded gcc/bin/../lib/gcc/riscv-none-embed/8.2.0/../../../../riscv-none-embed/lib/rv32imafc/ilp32f\libc_nano.a(lib_a-stdio.o)
                0x0000000000001a8c                __sseek
 .text.__sclose
                0x0000000000001ac2        0x6 e:/app_windows/mounriver_studio/base_file/mounriver_studio/toolchain/risc-v embedded gcc/bin/../lib/gcc/riscv-none-embed/8.2.0/../../../../riscv-none-embed/lib/rv32imafc/ilp32f\libc_nano.a(lib_a-stdio.o)
                0x0000000000001ac2                __sclose
 .text._write_r
                0x0000000000001ac8       0x2e e:/app_windows/mounriver_studio/base_file/mounriver_studio/toolchain/risc-v embedded gcc/bin/../lib/gcc/riscv-none-embed/8.2.0/../../../../riscv-none-embed/lib/rv32imafc/ilp32f\libc_nano.a(lib_a-writer.o)
                0x0000000000001ac8                _write_r
 .text._close_r
                0x0000000000001af6       0x28 e:/app_windows/mounriver_studio/base_file/mounriver_studio/toolchain/risc-v embedded gcc/bin/../lib/gcc/riscv-none-embed/8.2.0/../../../../riscv-none-embed/lib/rv32imafc/ilp32f\libc_nano.a(lib_a-closer.o)
                0x0000000000001af6                _close_r
 .text._fstat_r
                0x0000000000001b1e       0x2a e:/app_windows/mounriver_studio/base_file/mounriver_studio/toolchain/risc-v embedded gcc/bin/../lib/gcc/riscv-none-embed/8.2.0/../../../../riscv-none-embed/lib/rv32imafc/ilp32f\libc_nano.a(lib_a-fstatr.o)
                0x0000000000001b1e                _fstat_r
 .text._isatty_r
                0x0000000000001b48       0x28 e:/app_windows/mounriver_studio/base_file/mounriver_studio/toolchain/risc-v embedded gcc/bin/../lib/gcc/riscv-none-embed/8.2.0/../../../../riscv-none-embed/lib/rv32imafc/ilp32f\libc_nano.a(lib_a-isattyr.o)
                0x0000000000001b48                _isatty_r
 .text._lseek_r
                0x0000000000001b70       0x2c e:/app_windows/mounriver_studio/base_file/mounriver_studio/toolchain/risc-v embedded gcc/bin/../lib/gcc/riscv-none-embed/8.2.0/../../../../riscv-none-embed/lib/rv32imafc/ilp32f\libc_nano.a(lib_a-lseekr.o)
                0x0000000000001b70                _lseek_r
 .text.memchr   0x0000000000001b9c       0x1a e:/app_windows/mounriver_studio/base_file/mounriver_studio/toolchain/risc-v embedded gcc/bin/../lib/gcc/riscv-none-embed/8.2.0/../../../../riscv-none-embed/lib/rv32imafc/ilp32f\libc_nano.a(lib_a-memchr.o)
                0x0000000000001b9c                memchr
 .text._read_r  0x0000000000001bb6       0x2c e:/app_windows/mounriver_studio/base_file/mounriver_studio/toolchain/risc-v embedded gcc/bin/../lib/gcc/riscv-none-embed/8.2.0/../../../../riscv-none-embed/lib/rv32imafc/ilp32f\libc_nano.a(lib_a-readr.o)
                0x0000000000001bb6                _read_r
 .text._close   0x0000000000001be2        0xc e:/app_windows/mounriver_studio/base_file/mounriver_studio/toolchain/risc-v embedded gcc/bin/../lib/gcc/riscv-none-embed/8.2.0/../../../../riscv-none-embed/lib/rv32imafc/ilp32f\libnosys.a(close.o)
                0x0000000000001be2                _close
 .text._fstat   0x0000000000001bee        0xc e:/app_windows/mounriver_studio/base_file/mounriver_studio/toolchain/risc-v embedded gcc/bin/../lib/gcc/riscv-none-embed/8.2.0/../../../../riscv-none-embed/lib/rv32imafc/ilp32f\libnosys.a(fstat.o)
                0x0000000000001bee                _fstat
 .text._isatty  0x0000000000001bfa        0xc e:/app_windows/mounriver_studio/base_file/mounriver_studio/toolchain/risc-v embedded gcc/bin/../lib/gcc/riscv-none-embed/8.2.0/../../../../riscv-none-embed/lib/rv32imafc/ilp32f\libnosys.a(isatty.o)
                0x0000000000001bfa                _isatty
 .text._lseek   0x0000000000001c06        0xc e:/app_windows/mounriver_studio/base_file/mounriver_studio/toolchain/risc-v embedded gcc/bin/../lib/gcc/riscv-none-embed/8.2.0/../../../../riscv-none-embed/lib/rv32imafc/ilp32f\libnosys.a(lseek.o)
                0x0000000000001c06                _lseek
 .text._read    0x0000000000001c12        0xc e:/app_windows/mounriver_studio/base_file/mounriver_studio/toolchain/risc-v embedded gcc/bin/../lib/gcc/riscv-none-embed/8.2.0/../../../../riscv-none-embed/lib/rv32imafc/ilp32f\libnosys.a(read.o)
                0x0000000000001c12                _read
 *(.rodata)
 *(.rodata*)
 *fill*         0x0000000000001c1e        0x2 
 .rodata.main.str1.4
                0x0000000000001c20       0x38 CMakeFiles/CH32V307VCT6_2024_11_27.elf.dir/User/main.c.obj
 .rodata.__sf_fake_stderr
                0x0000000000001c58       0x20 e:/app_windows/mounriver_studio/base_file/mounriver_studio/toolchain/risc-v embedded gcc/bin/../lib/gcc/riscv-none-embed/8.2.0/../../../../riscv-none-embed/lib/rv32imafc/ilp32f\libc_nano.a(lib_a-findfp.o)
                0x0000000000001c58                __sf_fake_stderr
 .rodata.__sf_fake_stdin
                0x0000000000001c78       0x20 e:/app_windows/mounriver_studio/base_file/mounriver_studio/toolchain/risc-v embedded gcc/bin/../lib/gcc/riscv-none-embed/8.2.0/../../../../riscv-none-embed/lib/rv32imafc/ilp32f\libc_nano.a(lib_a-findfp.o)
                0x0000000000001c78                __sf_fake_stdin
 .rodata.__sf_fake_stdout
                0x0000000000001c98       0x20 e:/app_windows/mounriver_studio/base_file/mounriver_studio/toolchain/risc-v embedded gcc/bin/../lib/gcc/riscv-none-embed/8.2.0/../../../../riscv-none-embed/lib/rv32imafc/ilp32f\libc_nano.a(lib_a-findfp.o)
                0x0000000000001c98                __sf_fake_stdout
 .rodata._vfprintf_r.str1.4
                0x0000000000001cb8       0x13 e:/app_windows/mounriver_studio/base_file/mounriver_studio/toolchain/risc-v embedded gcc/bin/../lib/gcc/riscv-none-embed/8.2.0/../../../../riscv-none-embed/lib/rv32imafc/ilp32f\libc_nano.a(lib_a-nano-vfprintf.o)
 *fill*         0x0000000000001ccb        0x1 
 .rodata._printf_i.str1.4
                0x0000000000001ccc       0x28 e:/app_windows/mounriver_studio/base_file/mounriver_studio/toolchain/risc-v embedded gcc/bin/../lib/gcc/riscv-none-embed/8.2.0/../../../../riscv-none-embed/lib/rv32imafc/ilp32f\libc_nano.a(lib_a-nano-vfprintf_i.o)
                                         0x25 (size before relaxing)
 *(.gnu.linkonce.t.*)
                0x0000000000001cf4                . = ALIGN (0x4)

.rela.dyn       0x0000000000001cf4        0x0
 .rela.text._sbrk
                0x0000000000001cf4        0x0 CMakeFiles/CH32V307VCT6_2024_11_27.elf.dir/Debug/debug.c.obj
 .rela.sdata.curbrk.5280
                0x0000000000001cf4        0x0 CMakeFiles/CH32V307VCT6_2024_11_27.elf.dir/Debug/debug.c.obj
 .rela.init     0x0000000000001cf4        0x0 CMakeFiles/CH32V307VCT6_2024_11_27.elf.dir/Debug/debug.c.obj
 .rela.vector   0x0000000000001cf4        0x0 CMakeFiles/CH32V307VCT6_2024_11_27.elf.dir/Debug/debug.c.obj
 .rela.text.handle_reset
                0x0000000000001cf4        0x0 CMakeFiles/CH32V307VCT6_2024_11_27.elf.dir/Debug/debug.c.obj
 .rela.text._sbrk_r
                0x0000000000001cf4        0x0 CMakeFiles/CH32V307VCT6_2024_11_27.elf.dir/Debug/debug.c.obj
 .rela.text._vfprintf_r
                0x0000000000001cf4        0x0 CMakeFiles/CH32V307VCT6_2024_11_27.elf.dir/Debug/debug.c.obj
 .rela.text._write_r
                0x0000000000001cf4        0x0 CMakeFiles/CH32V307VCT6_2024_11_27.elf.dir/Debug/debug.c.obj
 .rela.text._close_r
                0x0000000000001cf4        0x0 CMakeFiles/CH32V307VCT6_2024_11_27.elf.dir/Debug/debug.c.obj
 .rela.text._fstat_r
                0x0000000000001cf4        0x0 CMakeFiles/CH32V307VCT6_2024_11_27.elf.dir/Debug/debug.c.obj
 .rela.text._isatty_r
                0x0000000000001cf4        0x0 CMakeFiles/CH32V307VCT6_2024_11_27.elf.dir/Debug/debug.c.obj
 .rela.text._lseek_r
                0x0000000000001cf4        0x0 CMakeFiles/CH32V307VCT6_2024_11_27.elf.dir/Debug/debug.c.obj
 .rela.text._read_r
                0x0000000000001cf4        0x0 CMakeFiles/CH32V307VCT6_2024_11_27.elf.dir/Debug/debug.c.obj
 .rela.text._close
                0x0000000000001cf4        0x0 CMakeFiles/CH32V307VCT6_2024_11_27.elf.dir/Debug/debug.c.obj
 .rela.text._fstat
                0x0000000000001cf4        0x0 CMakeFiles/CH32V307VCT6_2024_11_27.elf.dir/Debug/debug.c.obj
 .rela.text._isatty
                0x0000000000001cf4        0x0 CMakeFiles/CH32V307VCT6_2024_11_27.elf.dir/Debug/debug.c.obj
 .rela.text._lseek
                0x0000000000001cf4        0x0 CMakeFiles/CH32V307VCT6_2024_11_27.elf.dir/Debug/debug.c.obj
 .rela.text._read
                0x0000000000001cf4        0x0 CMakeFiles/CH32V307VCT6_2024_11_27.elf.dir/Debug/debug.c.obj

.fini           0x0000000000001cf4        0x0
 *(SORT_NONE(.fini))
                0x0000000000001cf4                . = ALIGN (0x4)
                [!provide]                        PROVIDE (_etext = .)
                [!provide]                        PROVIDE (_eitcm = .)

.preinit_array  0x0000000000001cf4        0x0
                [!provide]                        PROVIDE (__preinit_array_start = .)
 *(.preinit_array)
                [!provide]                        PROVIDE (__preinit_array_end = .)

.init_array     0x0000000000001cf4        0x0
                [!provide]                        PROVIDE (__init_array_start = .)
 *(SORT_BY_INIT_PRIORITY(.init_array.*) SORT_BY_INIT_PRIORITY(.ctors.*))
 *(.init_array EXCLUDE_FILE(*crtend?.o *crtend.o *crtbegin?.o *crtbegin.o) .ctors)
                [!provide]                        PROVIDE (__init_array_end = .)

.fini_array     0x0000000000001cf4        0x0
                [!provide]                        PROVIDE (__fini_array_start = .)
 *(SORT_BY_INIT_PRIORITY(.fini_array.*) SORT_BY_INIT_PRIORITY(.dtors.*))
 *(.fini_array EXCLUDE_FILE(*crtend?.o *crtend.o *crtbegin?.o *crtbegin.o) .dtors)
                [!provide]                        PROVIDE (__fini_array_end = .)

.ctors
 *crtbegin.o(.ctors)
 *crtbegin?.o(.ctors)
 *(EXCLUDE_FILE(*crtend?.o *crtend.o) .ctors)
 *(SORT_BY_NAME(.ctors.*))
 *(.ctors)

.dtors
 *crtbegin.o(.dtors)
 *crtbegin?.o(.dtors)
 *(EXCLUDE_FILE(*crtend?.o *crtend.o) .dtors)
 *(SORT_BY_NAME(.dtors.*))
 *(.dtors)

.dalign         0x0000000020000000        0x0 load address 0x0000000000001cf4
                0x0000000020000000                . = ALIGN (0x4)
                0x0000000020000000                PROVIDE (_data_vma = .)

.dlalign        0x0000000000001cf4        0x0
                0x0000000000001cf4                . = ALIGN (0x4)
                0x0000000000001cf4                PROVIDE (_data_lma = .)

.data           0x0000000020000000       0x98 load address 0x0000000000001cf4
 *(.gnu.linkonce.r.*)
 *(.data .data.*)
 .data.APBAHBPrescTable
                0x0000000020000000       0x10 CMakeFiles/CH32V307VCT6_2024_11_27.elf.dir/Peripheral/src/ch32v30x_rcc.c.obj
 .data.AHBPrescTable
                0x0000000020000010       0x10 CMakeFiles/CH32V307VCT6_2024_11_27.elf.dir/User/system_ch32v30x.c.obj
                0x0000000020000010                AHBPrescTable
 .data.impure_data
                0x0000000020000020       0x60 e:/app_windows/mounriver_studio/base_file/mounriver_studio/toolchain/risc-v embedded gcc/bin/../lib/gcc/riscv-none-embed/8.2.0/../../../../riscv-none-embed/lib/rv32imafc/ilp32f\libc_nano.a(lib_a-impure.o)
 *(.gnu.linkonce.d.*)
                0x0000000020000080                . = ALIGN (0x8)
                0x0000000020000880                PROVIDE (__global_pointer$ = (. + 0x800))
 *(.sdata .sdata.*)
 .sdata.curbrk.5280
                0x0000000020000080        0x4 CMakeFiles/CH32V307VCT6_2024_11_27.elf.dir/Debug/debug.c.obj
 .sdata.ADCPrescTable
                0x0000000020000084        0x4 CMakeFiles/CH32V307VCT6_2024_11_27.elf.dir/Peripheral/src/ch32v30x_rcc.c.obj
 .sdata.SystemCoreClock
                0x0000000020000088        0x4 CMakeFiles/CH32V307VCT6_2024_11_27.elf.dir/User/system_ch32v30x.c.obj
                0x0000000020000088                SystemCoreClock
 .sdata._impure_ptr
                0x000000002000008c        0x4 e:/app_windows/mounriver_studio/base_file/mounriver_studio/toolchain/risc-v embedded gcc/bin/../lib/gcc/riscv-none-embed/8.2.0/../../../../riscv-none-embed/lib/rv32imafc/ilp32f\libc_nano.a(lib_a-impure.o)
                0x000000002000008c                _impure_ptr
 *(.sdata2.*)
 .sdata2._global_impure_ptr
                0x0000000020000090        0x4 e:/app_windows/mounriver_studio/base_file/mounriver_studio/toolchain/risc-v embedded gcc/bin/../lib/gcc/riscv-none-embed/8.2.0/../../../../riscv-none-embed/lib/rv32imafc/ilp32f\libc_nano.a(lib_a-impure.o)
                0x0000000020000090                _global_impure_ptr
 *(.gnu.linkonce.s.*)
                0x0000000020000098                . = ALIGN (0x8)
 *fill*         0x0000000020000094        0x4 
 *(.srodata.cst16)
 *(.srodata.cst8)
 *(.srodata.cst4)
 *(.srodata.cst2)
 *(.srodata .srodata.*)
                0x0000000020000098                . = ALIGN (0x4)
                0x0000000020000098                PROVIDE (_edata = .)

.bss            0x0000000020000098       0x14 load address 0x0000000000001d8c
                0x0000000020000098                . = ALIGN (0x4)
                0x0000000020000098                PROVIDE (_sbss = .)
 *(.sbss*)
 .sbss.p_ms     0x0000000020000098        0x2 CMakeFiles/CH32V307VCT6_2024_11_27.elf.dir/Debug/debug.c.obj
 .sbss.p_us     0x000000002000009a        0x1 CMakeFiles/CH32V307VCT6_2024_11_27.elf.dir/Debug/debug.c.obj
 *fill*         0x000000002000009b        0x1 
 .sbss.NVIC_Priority_Group
                0x000000002000009c        0x4 CMakeFiles/CH32V307VCT6_2024_11_27.elf.dir/Peripheral/src/ch32v30x_misc.c.obj
                0x000000002000009c                NVIC_Priority_Group
 .sbss.__malloc_free_list
                0x00000000200000a0        0x4 e:/app_windows/mounriver_studio/base_file/mounriver_studio/toolchain/risc-v embedded gcc/bin/../lib/gcc/riscv-none-embed/8.2.0/../../../../riscv-none-embed/lib/rv32imafc/ilp32f\libc_nano.a(lib_a-nano-mallocr.o)
                0x00000000200000a0                __malloc_free_list
 .sbss.__malloc_sbrk_start
                0x00000000200000a4        0x4 e:/app_windows/mounriver_studio/base_file/mounriver_studio/toolchain/risc-v embedded gcc/bin/../lib/gcc/riscv-none-embed/8.2.0/../../../../riscv-none-embed/lib/rv32imafc/ilp32f\libc_nano.a(lib_a-nano-mallocr.o)
                0x00000000200000a4                __malloc_sbrk_start
 *(.gnu.linkonce.sb.*)
 *(.bss*)
 *(.gnu.linkonce.b.*)
 *(COMMON*)
 COMMON         0x00000000200000a8        0x4 e:/app_windows/mounriver_studio/base_file/mounriver_studio/toolchain/risc-v embedded gcc/bin/../lib/gcc/riscv-none-embed/8.2.0/../../../../riscv-none-embed/lib/rv32imafc/ilp32f\libc_nano.a(lib_a-reent.o)
                0x00000000200000a8                errno
                0x00000000200000ac                . = ALIGN (0x4)
                0x00000000200000ac                PROVIDE (_ebss = .)
                0x00000000200000ac                PROVIDE (_end = _ebss)
                [!provide]                        PROVIDE (end = .)

.stack          0x0000000020007800      0x800
                0x0000000020007800                PROVIDE (_heap_end = .)
                0x0000000020007800                . = ALIGN (0x4)
                [!provide]                        PROVIDE (_susrstack = .)
                0x0000000020008000                . = (. + __stack_size)
 *fill*         0x0000000020007800      0x800 
                0x0000000020008000                PROVIDE (_eusrstack = .)
OUTPUT(CH32V307VCT6_2024_11_27.elf elf32-littleriscv)

.comment        0x0000000000000000       0x33
 .comment       0x0000000000000000       0x33 CMakeFiles/CH32V307VCT6_2024_11_27.elf.dir/Debug/debug.c.obj
                                         0x34 (size before relaxing)
 .comment       0x0000000000000033       0x34 CMakeFiles/CH32V307VCT6_2024_11_27.elf.dir/Peripheral/src/ch32v30x_dbgmcu.c.obj
 .comment       0x0000000000000033       0x34 CMakeFiles/CH32V307VCT6_2024_11_27.elf.dir/Peripheral/src/ch32v30x_gpio.c.obj
 .comment       0x0000000000000033       0x34 CMakeFiles/CH32V307VCT6_2024_11_27.elf.dir/Peripheral/src/ch32v30x_misc.c.obj
 .comment       0x0000000000000033       0x34 CMakeFiles/CH32V307VCT6_2024_11_27.elf.dir/Peripheral/src/ch32v30x_rcc.c.obj
 .comment       0x0000000000000033       0x34 CMakeFiles/CH32V307VCT6_2024_11_27.elf.dir/Peripheral/src/ch32v30x_usart.c.obj
 .comment       0x0000000000000033       0x34 CMakeFiles/CH32V307VCT6_2024_11_27.elf.dir/User/ch32v30x_it.c.obj
 .comment       0x0000000000000033       0x34 CMakeFiles/CH32V307VCT6_2024_11_27.elf.dir/User/main.c.obj
 .comment       0x0000000000000033       0x34 CMakeFiles/CH32V307VCT6_2024_11_27.elf.dir/User/system_ch32v30x.c.obj

.debug_frame    0x0000000000000000      0x914
 .debug_frame   0x0000000000000000       0x40 e:/app_windows/mounriver_studio/base_file/mounriver_studio/toolchain/risc-v embedded gcc/bin/../lib/gcc/riscv-none-embed/8.2.0/../../../../riscv-none-embed/lib/rv32imafc/ilp32f\libc_nano.a(lib_a-nano-freer.o)
 .debug_frame   0x0000000000000040       0x40 e:/app_windows/mounriver_studio/base_file/mounriver_studio/toolchain/risc-v embedded gcc/bin/../lib/gcc/riscv-none-embed/8.2.0/../../../../riscv-none-embed/lib/rv32imafc/ilp32f\libc_nano.a(lib_a-nano-mallocr.o)
 .debug_frame   0x0000000000000080       0x54 e:/app_windows/mounriver_studio/base_file/mounriver_studio/toolchain/risc-v embedded gcc/bin/../lib/gcc/riscv-none-embed/8.2.0/../../../../riscv-none-embed/lib/rv32imafc/ilp32f\libc_nano.a(lib_a-printf.o)
 .debug_frame   0x00000000000000d4       0x54 e:/app_windows/mounriver_studio/base_file/mounriver_studio/toolchain/risc-v embedded gcc/bin/../lib/gcc/riscv-none-embed/8.2.0/../../../../riscv-none-embed/lib/rv32imafc/ilp32f\libc_nano.a(lib_a-puts.o)
 .debug_frame   0x0000000000000128       0x30 e:/app_windows/mounriver_studio/base_file/mounriver_studio/toolchain/risc-v embedded gcc/bin/../lib/gcc/riscv-none-embed/8.2.0/../../../../riscv-none-embed/lib/rv32imafc/ilp32f\libc_nano.a(lib_a-sbrkr.o)
 .debug_frame   0x0000000000000158       0x50 e:/app_windows/mounriver_studio/base_file/mounriver_studio/toolchain/risc-v embedded gcc/bin/../lib/gcc/riscv-none-embed/8.2.0/../../../../riscv-none-embed/lib/rv32imafc/ilp32f\libc_nano.a(lib_a-wbuf.o)
 .debug_frame   0x00000000000001a8       0x3c e:/app_windows/mounriver_studio/base_file/mounriver_studio/toolchain/risc-v embedded gcc/bin/../lib/gcc/riscv-none-embed/8.2.0/../../../../riscv-none-embed/lib/rv32imafc/ilp32f\libc_nano.a(lib_a-wsetup.o)
 .debug_frame   0x00000000000001e4       0x7c e:/app_windows/mounriver_studio/base_file/mounriver_studio/toolchain/risc-v embedded gcc/bin/../lib/gcc/riscv-none-embed/8.2.0/../../../../riscv-none-embed/lib/rv32imafc/ilp32f\libc_nano.a(lib_a-fflush.o)
 .debug_frame   0x0000000000000260      0x148 e:/app_windows/mounriver_studio/base_file/mounriver_studio/toolchain/risc-v embedded gcc/bin/../lib/gcc/riscv-none-embed/8.2.0/../../../../riscv-none-embed/lib/rv32imafc/ilp32f\libc_nano.a(lib_a-findfp.o)
 .debug_frame   0x00000000000003a8       0x88 e:/app_windows/mounriver_studio/base_file/mounriver_studio/toolchain/risc-v embedded gcc/bin/../lib/gcc/riscv-none-embed/8.2.0/../../../../riscv-none-embed/lib/rv32imafc/ilp32f\libc_nano.a(lib_a-fwalk.o)
 .debug_frame   0x0000000000000430       0x64 e:/app_windows/mounriver_studio/base_file/mounriver_studio/toolchain/risc-v embedded gcc/bin/../lib/gcc/riscv-none-embed/8.2.0/../../../../riscv-none-embed/lib/rv32imafc/ilp32f\libc_nano.a(lib_a-makebuf.o)
 .debug_frame   0x0000000000000494       0x30 e:/app_windows/mounriver_studio/base_file/mounriver_studio/toolchain/risc-v embedded gcc/bin/../lib/gcc/riscv-none-embed/8.2.0/../../../../riscv-none-embed/lib/rv32imafc/ilp32f\libc_nano.a(lib_a-mlock.o)
 .debug_frame   0x00000000000004c4       0xd0 e:/app_windows/mounriver_studio/base_file/mounriver_studio/toolchain/risc-v embedded gcc/bin/../lib/gcc/riscv-none-embed/8.2.0/../../../../riscv-none-embed/lib/rv32imafc/ilp32f\libc_nano.a(lib_a-nano-vfprintf.o)
 .debug_frame   0x0000000000000594       0x8c e:/app_windows/mounriver_studio/base_file/mounriver_studio/toolchain/risc-v embedded gcc/bin/../lib/gcc/riscv-none-embed/8.2.0/../../../../riscv-none-embed/lib/rv32imafc/ilp32f\libc_nano.a(lib_a-nano-vfprintf_i.o)
 .debug_frame   0x0000000000000620       0x70 e:/app_windows/mounriver_studio/base_file/mounriver_studio/toolchain/risc-v embedded gcc/bin/../lib/gcc/riscv-none-embed/8.2.0/../../../../riscv-none-embed/lib/rv32imafc/ilp32f\libc_nano.a(lib_a-reent.o)
 .debug_frame   0x0000000000000690       0xa4 e:/app_windows/mounriver_studio/base_file/mounriver_studio/toolchain/risc-v embedded gcc/bin/../lib/gcc/riscv-none-embed/8.2.0/../../../../riscv-none-embed/lib/rv32imafc/ilp32f\libc_nano.a(lib_a-stdio.o)
 .debug_frame   0x0000000000000734       0x30 e:/app_windows/mounriver_studio/base_file/mounriver_studio/toolchain/risc-v embedded gcc/bin/../lib/gcc/riscv-none-embed/8.2.0/../../../../riscv-none-embed/lib/rv32imafc/ilp32f\libc_nano.a(lib_a-writer.o)
 .debug_frame   0x0000000000000764       0x30 e:/app_windows/mounriver_studio/base_file/mounriver_studio/toolchain/risc-v embedded gcc/bin/../lib/gcc/riscv-none-embed/8.2.0/../../../../riscv-none-embed/lib/rv32imafc/ilp32f\libc_nano.a(lib_a-closer.o)
 .debug_frame   0x0000000000000794       0x30 e:/app_windows/mounriver_studio/base_file/mounriver_studio/toolchain/risc-v embedded gcc/bin/../lib/gcc/riscv-none-embed/8.2.0/../../../../riscv-none-embed/lib/rv32imafc/ilp32f\libc_nano.a(lib_a-fstatr.o)
 .debug_frame   0x00000000000007c4       0x30 e:/app_windows/mounriver_studio/base_file/mounriver_studio/toolchain/risc-v embedded gcc/bin/../lib/gcc/riscv-none-embed/8.2.0/../../../../riscv-none-embed/lib/rv32imafc/ilp32f\libc_nano.a(lib_a-isattyr.o)
 .debug_frame   0x00000000000007f4       0x30 e:/app_windows/mounriver_studio/base_file/mounriver_studio/toolchain/risc-v embedded gcc/bin/../lib/gcc/riscv-none-embed/8.2.0/../../../../riscv-none-embed/lib/rv32imafc/ilp32f\libc_nano.a(lib_a-lseekr.o)
 .debug_frame   0x0000000000000824       0x20 e:/app_windows/mounriver_studio/base_file/mounriver_studio/toolchain/risc-v embedded gcc/bin/../lib/gcc/riscv-none-embed/8.2.0/../../../../riscv-none-embed/lib/rv32imafc/ilp32f\libc_nano.a(lib_a-memchr.o)
 .debug_frame   0x0000000000000844       0x30 e:/app_windows/mounriver_studio/base_file/mounriver_studio/toolchain/risc-v embedded gcc/bin/../lib/gcc/riscv-none-embed/8.2.0/../../../../riscv-none-embed/lib/rv32imafc/ilp32f\libc_nano.a(lib_a-readr.o)
 .debug_frame   0x0000000000000874       0x20 e:/app_windows/mounriver_studio/base_file/mounriver_studio/toolchain/risc-v embedded gcc/bin/../lib/gcc/riscv-none-embed/8.2.0/../../../../riscv-none-embed/lib/rv32imafc/ilp32f\libnosys.a(close.o)
 .debug_frame   0x0000000000000894       0x20 e:/app_windows/mounriver_studio/base_file/mounriver_studio/toolchain/risc-v embedded gcc/bin/../lib/gcc/riscv-none-embed/8.2.0/../../../../riscv-none-embed/lib/rv32imafc/ilp32f\libnosys.a(fstat.o)
 .debug_frame   0x00000000000008b4       0x20 e:/app_windows/mounriver_studio/base_file/mounriver_studio/toolchain/risc-v embedded gcc/bin/../lib/gcc/riscv-none-embed/8.2.0/../../../../riscv-none-embed/lib/rv32imafc/ilp32f\libnosys.a(isatty.o)
 .debug_frame   0x00000000000008d4       0x20 e:/app_windows/mounriver_studio/base_file/mounriver_studio/toolchain/risc-v embedded gcc/bin/../lib/gcc/riscv-none-embed/8.2.0/../../../../riscv-none-embed/lib/rv32imafc/ilp32f\libnosys.a(lseek.o)
 .debug_frame   0x00000000000008f4       0x20 e:/app_windows/mounriver_studio/base_file/mounriver_studio/toolchain/risc-v embedded gcc/bin/../lib/gcc/riscv-none-embed/8.2.0/../../../../riscv-none-embed/lib/rv32imafc/ilp32f\libnosys.a(read.o)

.stab           0x0000000000000000       0x84
 .stab          0x0000000000000000       0x24 e:/app_windows/mounriver_studio/base_file/mounriver_studio/toolchain/risc-v embedded gcc/bin/../lib/gcc/riscv-none-embed/8.2.0/../../../../riscv-none-embed/lib/rv32imafc/ilp32f\libnosys.a(close.o)
 .stab          0x0000000000000024       0x18 e:/app_windows/mounriver_studio/base_file/mounriver_studio/toolchain/risc-v embedded gcc/bin/../lib/gcc/riscv-none-embed/8.2.0/../../../../riscv-none-embed/lib/rv32imafc/ilp32f\libnosys.a(fstat.o)
                                         0x24 (size before relaxing)
 .stab          0x000000000000003c       0x18 e:/app_windows/mounriver_studio/base_file/mounriver_studio/toolchain/risc-v embedded gcc/bin/../lib/gcc/riscv-none-embed/8.2.0/../../../../riscv-none-embed/lib/rv32imafc/ilp32f\libnosys.a(isatty.o)
                                         0x24 (size before relaxing)
 .stab          0x0000000000000054       0x18 e:/app_windows/mounriver_studio/base_file/mounriver_studio/toolchain/risc-v embedded gcc/bin/../lib/gcc/riscv-none-embed/8.2.0/../../../../riscv-none-embed/lib/rv32imafc/ilp32f\libnosys.a(lseek.o)
                                         0x24 (size before relaxing)
 .stab          0x000000000000006c       0x18 e:/app_windows/mounriver_studio/base_file/mounriver_studio/toolchain/risc-v embedded gcc/bin/../lib/gcc/riscv-none-embed/8.2.0/../../../../riscv-none-embed/lib/rv32imafc/ilp32f\libnosys.a(read.o)
                                         0x24 (size before relaxing)

.stabstr        0x0000000000000000      0x117
 .stabstr       0x0000000000000000      0x117 e:/app_windows/mounriver_studio/base_file/mounriver_studio/toolchain/risc-v embedded gcc/bin/../lib/gcc/riscv-none-embed/8.2.0/../../../../riscv-none-embed/lib/rv32imafc/ilp32f\libnosys.a(close.o)
